Archive member included to satisfy reference by file (symbol)

C:/devkitPro/libogc/lib/wii\libwiiuse.a(wpad.o)
                              Main.o (WPAD_Init)
C:/devkitPro/libogc/lib/wii\libwiiuse.a(motion_plus.o)
                              C:/devkitPro/libogc/lib/wii\libwiiuse.a(wpad.o) (wiiuse_set_motion_plus)
C:/devkitPro/libogc/lib/wii\libwiiuse.a(dynamics.o)
                              C:/devkitPro/libogc/lib/wii\libwiiuse.a(wpad.o) (calculate_gforce)
C:/devkitPro/libogc/lib/wii\libwiiuse.a(io.o)
                              C:/devkitPro/libogc/lib/wii\libwiiuse.a(motion_plus.o) (wiiuse_disable_expansion)
C:/devkitPro/libogc/lib/wii\libwiiuse.a(io_wii.o)
                              C:/devkitPro/libogc/lib/wii\libwiiuse.a(wpad.o) (__wiiuse_sensorbar_enable)
C:/devkitPro/libogc/lib/wii\libwiiuse.a(ir.o)
                              C:/devkitPro/libogc/lib/wii\libwiiuse.a(motion_plus.o) (wiiuse_set_ir_mode)
C:/devkitPro/libogc/lib/wii\libwiiuse.a(nunchuk.o)
                              C:/devkitPro/libogc/lib/wii\libwiiuse.a(io.o) (nunchuk_handshake)
C:/devkitPro/libogc/lib/wii\libwiiuse.a(wiiboard.o)
                              C:/devkitPro/libogc/lib/wii\libwiiuse.a(io.o) (wii_board_handshake)
C:/devkitPro/libogc/lib/wii\libwiiuse.a(wiiuse.o)
                              C:/devkitPro/libogc/lib/wii\libwiiuse.a(wpad.o) (wiiuse_init)
C:/devkitPro/libogc/lib/wii\libwiiuse.a(speaker.o)
                              C:/devkitPro/libogc/lib/wii\libwiiuse.a(wpad.o) (wencdata)
C:/devkitPro/libogc/lib/wii\libwiiuse.a(classic.o)
                              C:/devkitPro/libogc/lib/wii\libwiiuse.a(io.o) (classic_ctrl_handshake)
C:/devkitPro/libogc/lib/wii\libwiiuse.a(events.o)
                              C:/devkitPro/libogc/lib/wii\libwiiuse.a(io_wii.o) (parse_event)
C:/devkitPro/libogc/lib/wii\libwiiuse.a(guitar_hero_3.o)
                              C:/devkitPro/libogc/lib/wii\libwiiuse.a(io.o) (guitar_hero_3_handshake)
C:/devkitPro/libogc/lib/wii\libbte.a(bte.o)
                              C:/devkitPro/libogc/lib/wii\libwiiuse.a(wpad.o) (BTE_Init)
C:/devkitPro/libogc/lib/wii\libbte.a(hci.o)
                              C:/devkitPro/libogc/lib/wii\libbte.a(bte.o) (hci_init)
C:/devkitPro/libogc/lib/wii\libbte.a(l2cap.o)
                              C:/devkitPro/libogc/lib/wii\libbte.a(bte.o) (l2cap_init)
C:/devkitPro/libogc/lib/wii\libbte.a(btmemb.o)
                              C:/devkitPro/libogc/lib/wii\libbte.a(bte.o) (btmemb_init)
C:/devkitPro/libogc/lib/wii\libbte.a(btmemr.o)
                              C:/devkitPro/libogc/lib/wii\libbte.a(hci.o) (btmemr_init)
C:/devkitPro/libogc/lib/wii\libbte.a(btpbuf.o)
                              C:/devkitPro/libogc/lib/wii\libbte.a(hci.o) (btpbuf_init)
C:/devkitPro/libogc/lib/wii\libbte.a(physbusif.o)
                              C:/devkitPro/libogc/lib/wii\libbte.a(bte.o) (physbusif_init)
C:/devkitPro/libogc/lib/wii\libogc.a(console.o)
                              Main.o (CON_Init)
C:/devkitPro/libogc/lib/wii\libogc.a(lwp_queue.o)
                              C:/devkitPro/libogc/lib/wii\libwiiuse.a(io_wii.o) (__lwp_queue_initialize)
C:/devkitPro/libogc/lib/wii\libogc.a(lwp_threads.o)
                              C:/devkitPro/libogc/lib/wii\libwiiuse.a(wpad.o) (_thread_dispatch_disable_level)
C:/devkitPro/libogc/lib/wii\libogc.a(lwp.o)
                              C:/devkitPro/libogc/lib/wii\libbte.a(bte.o) (LWP_InitQueue)
C:/devkitPro/libogc/lib/wii\libogc.a(lwp_handler.o)
                              C:/devkitPro/libogc/lib/wii\libogc.a(lwp_threads.o) (_cpu_context_save_fp)
C:/devkitPro/libogc/lib/wii\libogc.a(lwp_stack.o)
                              C:/devkitPro/libogc/lib/wii\libogc.a(lwp_threads.o) (__lwp_stack_allocate)
C:/devkitPro/libogc/lib/wii\libogc.a(lwp_watchdog.o)
                              C:/devkitPro/libogc/lib/wii\libogc.a(lwp_threads.o) (_wd_ticks_queue)
C:/devkitPro/libogc/lib/wii\libogc.a(lwp_wkspace.o)
                              C:/devkitPro/libogc/lib/wii\libwiiuse.a(motion_plus.o) (__wkspace_heap)
C:/devkitPro/libogc/lib/wii\libogc.a(lwp_objmgr.o)
                              C:/devkitPro/libogc/lib/wii\libogc.a(lwp.o) (__lwp_objmgr_initinfo)
C:/devkitPro/libogc/lib/wii\libogc.a(lwp_heap.o)
                              C:/devkitPro/libogc/lib/wii\libogc.a(lwp_wkspace.o) (__lwp_heap_init)
C:/devkitPro/libogc/lib/wii\libogc.a(sys_state.o)
                              C:/devkitPro/libogc/lib/wii\libogc.a(lwp_threads.o) (_sys_state_curr)
C:/devkitPro/libogc/lib/wii\libogc.a(irq.o)
                              C:/devkitPro/libogc/lib/wii\libwiiuse.a(io_wii.o) (IRQ_Disable)
C:/devkitPro/libogc/lib/wii\libogc.a(video.o)
                              C:/devkitPro/libogc/lib/wii\libogc.a(console.o) (VIDEO_GetCurrentFramebuffer)
C:/devkitPro/libogc/lib/wii\libogc.a(system.o)
                              C:/devkitPro/libogc/lib/wii\libwiiuse.a(wpad.o) (__SYS_DoPowerCB)
[...]
Memory Configuration

Name             Origin             Length             Attributes
*default*        0x00000000         0xffffffff

Linker script and memory map

                0x00003400                        . = 0x3400

.stub
 *(.stub)
                0x80004000                        . = 0x80004000

.init           0x80004000      0x194
 *crt0.o(*.init)
 .init          0x80004000      0x170 C:/devkitPro/libogc/lib/wii\libogc.a(ogc_crt0.o)
                0x80004000                _start
                0x80004140                _memset
 *(.init)
 .init          0x80004170        0xc C:/devkitPro/devkitPPC/bin/../lib/gcc/powerpc-eabi/15.1.0/ecrti.o
                0x80004170                __init
 .init          0x8000417c        0x4 C:/devkitPro/devkitPPC/bin/../lib/gcc/powerpc-eabi/15.1.0/crtbegin.o
 .init          0x80004180        0x4 C:/devkitPro/devkitPPC/bin/../lib/gcc/powerpc-eabi/15.1.0/crtend.o
 .init          0x80004184       0x10 C:/devkitPro/devkitPPC/bin/../lib/gcc/powerpc-eabi/15.1.0/ecrtn.o

.rela.dyn       0x80004194        0x0
 .rela.iplt     0x80004194        0x0 C:/devkitPro/devkitPPC/bin/../lib/gcc/powerpc-eabi/15.1.0/crtbegin.o

.plt
 *(.plt)

.interp
 *(.interp)

.hash
 *(.hash)

.dynsym
 *(.dynsym)

.dynstr
 *(.dynstr)

.gnu.version
 *(.gnu.version)

.gnu.version_d
 *(.gnu.version_d)

.gnu.version_r
 *(.gnu.version_r)

.rel.init
 *(.rel.init)

.rela.init
 *(.rela.init)

.rel.text
 *(.rel.text .rel.text.* .rel.gnu.linkonce.t.*)

.rela.text      0x80004194        0x0
 *(.rela.text .rela.text.* .rela.gnu.linkonce.t.*)
 .rela.text.__do_global_dtors_aux
                0x80004194        0x0 C:/devkitPro/devkitPPC/bin/../lib/gcc/powerpc-eabi/15.1.0/crtbegin.o
 .rela.text.frame_dummy
                0x80004194        0x0 C:/devkitPro/devkitPPC/bin/../lib/gcc/powerpc-eabi/15.1.0/crtbegin.o
 .rela.text.unlikely.abort
                0x80004194        0x0 C:/devkitPro/devkitPPC/bin/../lib/gcc/powerpc-eabi/15.1.0/crtbegin.o
 .rela.text.__assert_func
                0x80004194        0x0 C:/devkitPro/devkitPPC/bin/../lib/gcc/powerpc-eabi/15.1.0/crtbegin.o

.rel.fini
 *(.rel.fini)

.rela.fini
 *(.rela.fini)

.rel.rodata
 *(.rel.rodata .rel.rodata.* .rel.gnu.linkonce.r.*)

.rela.rodata
 *(.rela.rodata .rela.rodata.* .rela.gnu.linkonce.r.*)

.rel.data
 *(.rel.data .rel.data.* .rel.gnu.linkonce.d.*)

.rela.data
 *(.rela.data .rela.data.* .rela.gnu.linkonce.d.*)

.rel.tdata
 *(.rel.tdata .rel.tdata.* .rel.gnu.linkonce.td.*)

.rela.tdata
 *(.rela.tdata .rela.tdata.* .rela.gnu.linkonce.td.*)

.rel.tbss
 *(.rel.tbss .rel.tbss.* .rel.gnu.linkonce.tb.*)

.rela.tbss
 *(.rela.tbss .rela.tbss.* .rela.gnu.linkonce.tb.*)

.rel.ctors
 *(.rel.ctors)

.rela.ctors
 *(.rela.ctors)

.rel.dtors
 *(.rel.dtors)

.rela.dtors
 *(.rela.dtors)

.rel.got
 *(.rel.got)

.rela.got
 *(.rela.got)

.rela.got1
 *(.rela.got1)

.rela.got2
 *(.rela.got2)

.rel.sdata
 *(.rel.sdata .rel.sdata.* .rel.gnu.linkonce.s.*)

.rela.sdata
 *(.rela.sdata .rela.sdata.* .rela.gnu.linkonce.s.*)

.rel.sbss
 *(.rel.sbss .rel.sbss.* .rel.gnu.linkonce.sb.*)

.rela.sbss
 *(.rela.sbss .rela.sbss.* .rel.gnu.linkonce.sb.*)

.rel.sdata2
 *(.rel.sdata2 .rel.sdata2.* .rel.gnu.linkonce.s2.*)

.rela.sdata2
 *(.rela.sdata2 .rela.sdata2.* .rela.gnu.linkonce.s2.*)

.rel.sbss2
 *(.rel.sbss2 .rel.sbss2.* .rel.gnu.linkonce.sb2.*)

.rela.sbss2
 *(.rela.sbss2 .rela.sbss2.* .rela.gnu.linkonce.sb2.*)

.rel.bss
 *(.rel.bss .rel.bss.* .rel.gnu.linkonce.b.*)

.rela.bss
 *(.rela.bss .rela.bss.* .rela.gnu.linkonce.b.*)

.rel.plt
 *(.rel.plt)

.rela.plt
 *(.rela.plt)

.text           0x800041a0    0x3d640
 *(.text)
 .text          0x800041a0      0x44c C:/devkitPro/libogc/lib/wii\libogc.a(lwp_handler.o)
                0x800041a0                _cpu_context_save_fp
                0x800042e0                _cpu_context_restore_fp
                0x80004420                _cpu_context_switch
                0x80004500                _cpu_context_save
                0x80004580                _cpu_context_restore
 .text          0x800045ec      0x46c C:/devkitPro/libogc/lib/wii\libogc.a(system_asm.o)
                0x800045ec                __realmode
                0x80004604                __configBATS
                0x80004734                __InitFPRS
                0x80004860                __InitPS
                0x800048bc                __InitCache
                0x80004914                __InitSystem
                0x8000499c                __reset
                0x80004a0c                __InitBATS
                0x80004a28                SYS_SwitchFiber
 .text          0x80004a58      0x1ac C:/devkitPro/libogc/lib/wii\libogc.a(irq_handler.o)
                0x80004a58                irq_exceptionhandler
 .text          0x80004c04      0x4f4 C:/devkitPro/libogc/lib/wii\libogc.a(cache_asm.o)
                0x80004c04                DCFlashInvalidate
                0x80004c18                DCEnable
                0x80004c2c                DCDisable
                0x80004c40                DCFreeze
                0x80004c54                DCUnfreeze
                0x80004c68                DCTouchLoad
                0x80004c70                DCBlockZero
                0x80004c78                DCBlockStore
                0x80004c80                DCBlockFlush
                0x80004c88                DCBlockInvalidate
                0x80004c90                DCInvalidateRange
                0x80004cc0                DCFlushRange
                0x80004cf4                DCStoreRange
                0x80004d28                DCFlushRangeNoSync
                0x80004d58                DCStoreRangeNoSync
                0x80004d88                DCZeroRange
                0x80004db8                DCTouchRange
                0x80004de8                ICInvalidateRange
                0x80004e20                ICFlashInvalidate
                0x80004e34                ICEnable
                0x80004e48                ICDisable
                0x80004e5c                ICFreeze
                0x80004e70                ICUnfreeze
                0x80004e84                ICBlockInvalidate
                0x80004e8c                ICSync
                0x80004e94                L2Init
                0x80004edc                L2Enable
                0x80004ef8                L2Disable
                0x80004f10                L2GlobalInvalidate
                0x80004f68                __LCEnable
                0x80005034                LCDisable
                0x8000505c                LCAllocOneTag
                0x80005070                LCAllocTags
                0x800050b0                LCLoadBlocks
                0x800050d4                LCStoreBlocks
 .text          0x800050f8      0x1ac C:/devkitPro/libogc/lib/wii\libogc.a(decrementer_handler.o)
                0x800050f8                dec_exceptionhandler
 .text          0x800052a4      0x35c C:/devkitPro/libogc/lib/wii\libogc.a(exception_handler.o)
                0x800052a4                exceptionhandler_start
                0x80005320                exceptionhandler_patch
                0x80005354                exceptionhandler_end
                0x80005358                default_exceptionhandler
                0x80005488                fpu_exceptionhandler
                0x800055d0                systemcallhandler_start
                0x800055fc                systemcallhandler_end
 .text          0x80005600       0x48 C:/devkitPro/devkitPPC/bin/../lib/gcc/powerpc-eabi/15.1.0\libgcc.a(eabi.o)
                0x80005600                __eabi
 .text          0x80005648       0x58 C:/devkitPro/devkitPPC/bin/../lib/gcc/powerpc-eabi/15.1.0\libgcc.a(crtresxgpr.o)
                0x80005648                _restgpr_14_x
                0x8000564c                _restgpr_15_x
                0x80005650                _restgpr_16_x
                0x80005654                _restgpr_17_x
                0x80005658                _restgpr_18_x
                0x8000565c                _restgpr_19_x
                0x80005660                _restgpr_20_x
                0x80005664                _restgpr_21_x
                0x80005668                _restgpr_22_x
                0x8000566c                _restgpr_23_x
                0x80005670                _restgpr_24_x
                0x80005674                _restgpr_25_x
                0x80005678                _restgpr_26_x
                0x8000567c                _restgpr_27_x
                0x80005680                _restgpr_28_x
                0x80005684                _restgpr_29_x
                0x80005688                _restgpr_30_x
                0x8000568c                _restgpr_31_x
 *(.text.*)
 .text.__do_global_dtors_aux
                0x800056a0       0xcc C:/devkitPro/devkitPPC/bin/../lib/gcc/powerpc-eabi/15.1.0/crtbegin.o
 .text.frame_dummy
                0x8000576c       0x24 C:/devkitPro/devkitPPC/bin/../lib/gcc/powerpc-eabi/15.1.0/crtbegin.o
 .text.__crtmain
                0x80005790       0x40 C:/devkitPro/devkitPPC/bin/../lib/gcc/powerpc-eabi/15.1.0/../../../../powerpc-eabi/lib/crtmain.o
                0x80005794                __crtmain
 .text.startup.main
                0x800057d0       0xfc Main.o
                0x800057d0                main
 .text.__wpad_assign_slot
                0x800058cc      0x228 C:/devkitPro/libogc/lib/wii\libwiiuse.a(wpad.o)
                0x800058cc                __wpad_assign_slot
 .text.__wpad_def_powcb
                0x80005af4        0x4 C:/devkitPro/libogc/lib/wii\libwiiuse.a(wpad.o)
 .text.__readlinkkey_finished
                0x80005af8       0x34 C:/devkitPro/libogc/lib/wii\libwiiuse.a(wpad.o)
 .text.__wpad_patch_finished
                0x80005b2c       0x2c C:/devkitPro/libogc/lib/wii\libwiiuse.a(wpad.o)
 .text.__wpad_setfmt
                0x80005b58      0x14c C:/devkitPro/libogc/lib/wii\libwiiuse.a(wpad.o)
 .text.__wpad_eventCB
                0x80005ca4      0xbf0 C:/devkitPro/libogc/lib/wii\libwiiuse.a(wpad.o)
 .text.__wpad_disconnectCB
                0x80006894       0xd4 C:/devkitPro/libogc/lib/wii\libwiiuse.a(wpad.o)
                0x80006894                __wpad_disconnectCB
 .text.__wpad_timeouthandler
                0x80006968       0xfc C:/devkitPro/libogc/lib/wii\libwiiuse.a(wpad.o)
 .text.__initcore_finished
                0x80006a64       0x48 C:/devkitPro/libogc/lib/wii\libwiiuse.a(wpad.o)
 .text.__wpad_init_finished
                0x80006aac      0x194 C:/devkitPro/libogc/lib/wii\libwiiuse.a(wpad.o)
 .text.WPAD_ReadEvent
                0x80006c40      0x670 C:/devkitPro/libogc/lib/wii\libwiiuse.a(wpad.o)
                0x80006c40                WPAD_ReadEvent
 .text.WPAD_ReadPending
                0x800072b0      0x1a0 C:/devkitPro/libogc/lib/wii\libwiiuse.a(wpad.o)
                0x800072b0                WPAD_ReadPending
 .text.WPAD_Shutdown
                0x80007450      0x108 C:/devkitPro/libogc/lib/wii\libwiiuse.a(wpad.o)
                0x80007450                WPAD_Shutdown
 .text.WPAD_Init
                0x80007558      0x280 C:/devkitPro/libogc/lib/wii\libwiiuse.a(wpad.o)
                0x80007558                WPAD_Init
 .text.__wpad_onreset
                0x800077d8       0x34 C:/devkitPro/libogc/lib/wii\libwiiuse.a(wpad.o)
 .text.WPAD_ScanPads
                0x8000780c       0x90 C:/devkitPro/libogc/lib/wii\libwiiuse.a(wpad.o)
                0x8000780c                WPAD_ScanPads
 .text.WPAD_ButtonsDown
                0x8000789c       0x28 C:/devkitPro/libogc/lib/wii\libwiiuse.a(wpad.o)
                0x8000789c                WPAD_ButtonsDown
 .text.motion_plus_disconnected
                0x800078c4       0x10 C:/devkitPro/libogc/lib/wii\libwiiuse.a(motion_plus.o)
                0x800078c4                motion_plus_disconnected
 .text.motion_plus_event
                0x800078d4       0x64 C:/devkitPro/libogc/lib/wii\libwiiuse.a(motion_plus.o)
                0x800078d4                motion_plus_event
 .text.calculate_gforce
                0x80007938      0x114 C:/devkitPro/libogc/lib/wii\libwiiuse.a(dynamics.o)
                0x80007938                calculate_gforce
 .text.calc_joystick_state
                0x80007a4c      0x208 C:/devkitPro/libogc/lib/wii\libwiiuse.a(dynamics.o)
                0x80007a4c                calc_joystick_state
 .text.apply_smoothing
                0x80007c54      0x110 C:/devkitPro/libogc/lib/wii\libwiiuse.a(dynamics.o)
                0x80007c54                apply_smoothing
 .text.calculate_orientation
                0x80007d64      0x360 C:/devkitPro/libogc/lib/wii\libwiiuse.a(dynamics.o)
                0x80007d64                calculate_orientation
 .text.calc_balanceboard_state
                0x800080c4      0x3a4 C:/devkitPro/libogc/lib/wii\libwiiuse.a(dynamics.o)
                0x800080c4                calc_balanceboard_state
 .text.wiiuse_handshake
                0x80008468      0x24c C:/devkitPro/libogc/lib/wii\libwiiuse.a(io.o)
                0x80008468                wiiuse_handshake
 .text.wiiuse_handshake_expansion
                0x800086b4      0x214 C:/devkitPro/libogc/lib/wii\libwiiuse.a(io.o)
                0x800086b4                wiiuse_handshake_expansion
 .text.wiiuse_handshake_expansion_start
                0x800088c8       0x5c C:/devkitPro/libogc/lib/wii\libwiiuse.a(io.o)
                0x800088c8                wiiuse_handshake_expansion_start
 .text.wiiuse_disable_expansion
                0x80008924      0x1b0 C:/devkitPro/libogc/lib/wii\libwiiuse.a(io.o)
                0x80008924                wiiuse_disable_expansion
 .text.__wiiuse_connected
                0x80008ad4       0x9c C:/devkitPro/libogc/lib/wii\libwiiuse.a(io_wii.o)
 .text.__wiiuse_disconnected
                0x80008b70       0xb4 C:/devkitPro/libogc/lib/wii\libwiiuse.a(io_wii.o)
 .text.__wiiuse_receive
                0x80008c24       0xc4 C:/devkitPro/libogc/lib/wii\libwiiuse.a(io_wii.o)
 .text.__wiiuse_sensorbar_enable
                0x80008ce8       0x74 C:/devkitPro/libogc/lib/wii\libwiiuse.a(io_wii.o)
                0x80008ce8                __wiiuse_sensorbar_enable
 .text.wiiuse_register
                0x80008d5c       0xe4 C:/devkitPro/libogc/lib/wii\libwiiuse.a(io_wii.o)
                0x80008d5c                wiiuse_register
 .text.wiiuse_disconnect
                0x80008e40       0x24 C:/devkitPro/libogc/lib/wii\libwiiuse.a(io_wii.o)
                0x80008e40                wiiuse_disconnect
 .text.wiiuse_init_cmd_queue
                0x80008e64       0xa4 C:/devkitPro/libogc/lib/wii\libwiiuse.a(io_wii.o)
                0x80008e64                wiiuse_init_cmd_queue
 .text.wiiuse_io_write
                0x80008f08       0x1c C:/devkitPro/libogc/lib/wii\libwiiuse.a(io_wii.o)
                0x80008f08                wiiuse_io_write
 .text.rotate_dots
                0x80008f24      0x134 C:/devkitPro/libogc/lib/wii\libwiiuse.a(ir.o)
 .text.wiiuse_set_ir_mode
                0x80009058       0x5c C:/devkitPro/libogc/lib/wii\libwiiuse.a(ir.o)
                0x80009058                wiiuse_set_ir_mode
 .text.wiiuse_set_ir
                0x800090b4      0x298 C:/devkitPro/libogc/lib/wii\libwiiuse.a(ir.o)
                0x800090b4                wiiuse_set_ir
 .text.wiiuse_set_ir_position
                0x8000934c       0x80 C:/devkitPro/libogc/lib/wii\libwiiuse.a(ir.o)
                0x8000934c                wiiuse_set_ir_position
 .text.wiiuse_set_aspect_ratio
                0x800093cc       0xac C:/devkitPro/libogc/lib/wii\libwiiuse.a(ir.o)
                0x800093cc                wiiuse_set_aspect_ratio
 .text.wiiuse_set_ir_sensitivity
                0x80009478      0x190 C:/devkitPro/libogc/lib/wii\libwiiuse.a(ir.o)
                0x80009478                wiiuse_set_ir_sensitivity
 .text.calculate_basic_ir
                0x80009608       0xe8 C:/devkitPro/libogc/lib/wii\libwiiuse.a(ir.o)
                0x80009608                calculate_basic_ir
 .text.calculate_extended_ir
                0x800096f0       0x64 C:/devkitPro/libogc/lib/wii\libwiiuse.a(ir.o)
                0x800096f0                calculate_extended_ir
 .text.find_sensorbar
                0x80009754      0xb00 C:/devkitPro/libogc/lib/wii\libwiiuse.a(ir.o)
                0x80009754                find_sensorbar
 .text.apply_ir_smoothing
                0x8000a254      0x120 C:/devkitPro/libogc/lib/wii\libwiiuse.a(ir.o)
                0x8000a254                apply_ir_smoothing
 .text.interpret_ir_data
                0x8000a374      0x3d0 C:/devkitPro/libogc/lib/wii\libwiiuse.a(ir.o)
                0x8000a374                interpret_ir_data
 .text.nunchuk_handshake
                0x8000a744      0x360 C:/devkitPro/libogc/lib/wii\libwiiuse.a(nunchuk.o)
                0x8000a744                nunchuk_handshake
 .text.nunchuk_disconnected
                0x8000aaa4        0xc C:/devkitPro/libogc/lib/wii\libwiiuse.a(nunchuk.o)
                0x8000aaa4                nunchuk_disconnected
 .text.nunchuk_event
                0x8000aab0       0xe8 C:/devkitPro/libogc/lib/wii\libwiiuse.a(nunchuk.o)
                0x8000aab0                nunchuk_event
 .text.wii_board_handshake
                0x8000ab98      0x28c C:/devkitPro/libogc/lib/wii\libwiiuse.a(wiiboard.o)
                0x8000ab98                wii_board_handshake
 .text.wii_board_disconnected
                0x8000ae24        0xc C:/devkitPro/libogc/lib/wii\libwiiuse.a(wiiboard.o)
                0x8000ae24                wii_board_disconnected
 .text.wii_board_event
                0x8000ae30       0x24 C:/devkitPro/libogc/lib/wii\libwiiuse.a(wiiboard.o)
                0x8000ae30                wii_board_event
 .text.wiiuse_send_next_command
                0x8000ae54       0x58 C:/devkitPro/libogc/lib/wii\libwiiuse.a(wiiuse.o)
                0x8000ae54                wiiuse_send_next_command
 .text.wiiuse_init
                0x8000aeac      0x1fc C:/devkitPro/libogc/lib/wii\libwiiuse.a(wiiuse.o)
                0x8000aeac                wiiuse_init
 .text.wiiuse_set_flags
                0x8000b0a8       0x28 C:/devkitPro/libogc/lib/wii\libwiiuse.a(wiiuse.o)
                0x8000b0a8                wiiuse_set_flags
 .text.wiiuse_read_data
                0x8000b0d0      0x12c C:/devkitPro/libogc/lib/wii\libwiiuse.a(wiiuse.o)
                0x8000b0d0                wiiuse_read_data
 .text.wiiuse_write_data
                0x8000b1fc      0x160 C:/devkitPro/libogc/lib/wii\libwiiuse.a(wiiuse.o)
                0x8000b1fc                wiiuse_write_data
 .text.wiiuse_sendcmd
                0x8000b35c      0x14c C:/devkitPro/libogc/lib/wii\libwiiuse.a(wiiuse.o)
                0x8000b35c                wiiuse_sendcmd
 .text.wiiuse_set_leds
                0x8000b4a8       0x50 C:/devkitPro/libogc/lib/wii\libwiiuse.a(wiiuse.o)
                0x8000b4a8                wiiuse_set_leds
 .text.wiiuse_set_report_type
                0x8000b4f8       0xb4 C:/devkitPro/libogc/lib/wii\libwiiuse.a(wiiuse.o)
                0x8000b4f8                wiiuse_set_report_type
 .text.wiiuse_status
                0x8000b5ac       0x4c C:/devkitPro/libogc/lib/wii\libwiiuse.a(wiiuse.o)
                0x8000b5ac                wiiuse_status
 .text.wiiuse_motion_sensing
                0x8000b5f8       0x84 C:/devkitPro/libogc/lib/wii\libwiiuse.a(wiiuse.o)
                0x8000b5f8                wiiuse_motion_sensing
 .text.wiiuse_set_speaker
                0x8000b67c      0x258 C:/devkitPro/libogc/lib/wii\libwiiuse.a(speaker.o)
                0x8000b67c                wiiuse_set_speaker
 .text.classic_ctrl_handshake
                0x8000b8d4      0x460 C:/devkitPro/libogc/lib/wii\libwiiuse.a(classic.o)
                0x8000b8d4                classic_ctrl_handshake
 .text.classic_ctrl_disconnected
                0x8000bd34        0xc C:/devkitPro/libogc/lib/wii\libwiiuse.a(classic.o)
                0x8000bd34                classic_ctrl_disconnected
 .text.classic_ctrl_event
                0x8000bd40      0x15c C:/devkitPro/libogc/lib/wii\libwiiuse.a(classic.o)
                0x8000bd40                classic_ctrl_event
 .text.handle_expansion
                0x8000be9c       0x54 C:/devkitPro/libogc/lib/wii\libwiiuse.a(events.o)
 .text.parse_event
                0x8000bef0      0x76c C:/devkitPro/libogc/lib/wii\libwiiuse.a(events.o)
                0x8000bef0                parse_event
 .text.guitar_hero_3_handshake
                0x8000c65c       0x5c C:/devkitPro/libogc/lib/wii\libwiiuse.a(guitar_hero_3.o)
                0x8000c65c                guitar_hero_3_handshake
 .text.guitar_hero_3_disconnected
                0x8000c6b8        0xc C:/devkitPro/libogc/lib/wii\libwiiuse.a(guitar_hero_3.o)
                0x8000c6b8                guitar_hero_3_disconnected
 .text.guitar_hero_3_event
                0x8000c6c4       0x60 C:/devkitPro/libogc/lib/wii\libwiiuse.a(guitar_hero_3.o)
                0x8000c6c4                guitar_hero_3_event
 .text.acl_wlp_completed
                0x8000c724        0x8 C:/devkitPro/libogc/lib/wii\libbte.a(bte.o)
                0x8000c724                acl_wlp_completed
 .text.bt_alarmhandler
                0x8000c72c       0x58 C:/devkitPro/libogc/lib/wii\libbte.a(bte.o)
 .text.__bte_send_pending_request
                0x8000c784      0x108 C:/devkitPro/libogc/lib/wii\libbte.a(bte.o)
 .text.acl_conn_complete
                0x8000c88c       0x2c C:/devkitPro/libogc/lib/wii\libbte.a(bte.o)
                0x8000c88c                acl_conn_complete
 .text.l2cap_accepted
                0x8000c8b8      0x11c C:/devkitPro/libogc/lib/wii\libbte.a(bte.o)
                0x8000c8b8                l2cap_accepted
 .text.l2cap_disconnect_cfm
                0x8000c9d4      0x180 C:/devkitPro/libogc/lib/wii\libbte.a(bte.o)
                0x8000c9d4                l2cap_disconnect_cfm
 .text.bte_process_input
                0x8000cb54      0x120 C:/devkitPro/libogc/lib/wii\libbte.a(bte.o)
 .text.l2cap_disconnected_ind
                0x8000cc74      0x18c C:/devkitPro/libogc/lib/wii\libbte.a(bte.o)
                0x8000cc74                l2cap_disconnected_ind
 .text.__bte_shutdown_finished
                0x8000ce00       0xe0 C:/devkitPro/libogc/lib/wii\libbte.a(bte.o)
 .text.bte_hci_apply_patch_complete
                0x8000cee0      0x168 C:/devkitPro/libogc/lib/wii\libbte.a(bte.o)
                0x8000cee0                bte_hci_apply_patch_complete
 .text.bte_hci_patch_complete
                0x8000d048      0x370 C:/devkitPro/libogc/lib/wii\libbte.a(bte.o)
                0x8000d048                bte_hci_patch_complete
 .text.bte_hci_initcore_complete
                0x8000d3b8      0x254 C:/devkitPro/libogc/lib/wii\libbte.a(bte.o)
                0x8000d3b8                bte_hci_initcore_complete
 .text.bte_read_stored_link_key_complete
                0x8000d60c      0x268 C:/devkitPro/libogc/lib/wii\libbte.a(bte.o)
                0x8000d60c                bte_read_stored_link_key_complete
 .text.bte_hci_initcore_complete2
                0x8000d874      0x224 C:/devkitPro/libogc/lib/wii\libbte.a(bte.o)
 .text.bte_hci_initsub_complete
                0x8000da98      0x274 C:/devkitPro/libogc/lib/wii\libbte.a(bte.o)
                0x8000da98                bte_hci_initsub_complete
 .text.BTE_Init
                0x8000dd0c      0x138 C:/devkitPro/libogc/lib/wii\libbte.a(bte.o)
                0x8000dd0c                BTE_Init
 .text.BTE_Shutdown
                0x8000de44      0x100 C:/devkitPro/libogc/lib/wii\libbte.a(bte.o)
                0x8000de44                BTE_Shutdown
 .text.BTE_InitCore
                0x8000df44       0x8c C:/devkitPro/libogc/lib/wii\libbte.a(bte.o)
                0x8000df44                BTE_InitCore
 .text.BTE_ApplyPatch
                0x8000dfd0       0xa4 C:/devkitPro/libogc/lib/wii\libbte.a(bte.o)
                0x8000dfd0                BTE_ApplyPatch
 .text.BTE_InitSub
                0x8000e074       0x90 C:/devkitPro/libogc/lib/wii\libbte.a(bte.o)
                0x8000e074                BTE_InitSub
 .text.BTE_ReadStoredLinkKey
                0x8000e104       0x90 C:/devkitPro/libogc/lib/wii\libbte.a(bte.o)
                0x8000e104                BTE_ReadStoredLinkKey
 .text.BTE_SetDisconnectCallback
                0x8000e194        0x4 C:/devkitPro/libogc/lib/wii\libbte.a(bte.o)
                0x8000e194                BTE_SetDisconnectCallback
 .text.bte_new  0x8000e198       0x54 C:/devkitPro/libogc/lib/wii\libbte.a(bte.o)
                0x8000e198                bte_new
 .text.bte_registerdeviceasync
                0x8000e1ec      0x168 C:/devkitPro/libogc/lib/wii\libbte.a(bte.o)
                0x8000e1ec                bte_registerdeviceasync
 .text.bte_disconnect
                0x8000e354       0xd8 C:/devkitPro/libogc/lib/wii\libbte.a(bte.o)
                0x8000e354                bte_disconnect
 .text.bte_senddata
                0x8000e42c      0x104 C:/devkitPro/libogc/lib/wii\libbte.a(bte.o)
                0x8000e42c                bte_senddata
 .text.bte_arg  0x8000e530       0x38 C:/devkitPro/libogc/lib/wii\libbte.a(bte.o)
                0x8000e530                bte_arg
 .text.bte_received
                0x8000e568       0x38 C:/devkitPro/libogc/lib/wii\libbte.a(bte.o)
                0x8000e568                bte_received
 .text.bte_disconnected
                0x8000e5a0       0x38 C:/devkitPro/libogc/lib/wii\libbte.a(bte.o)
                0x8000e5a0                bte_disconnected
 .text.hci_get_link
                0x8000e5d8       0x84 C:/devkitPro/libogc/lib/wii\libbte.a(hci.o)
 .text.hci_init
                0x8000e65c       0x7c C:/devkitPro/libogc/lib/wii\libbte.a(hci.o)
                0x8000e65c                hci_init
 .text.hci_close
                0x8000e6d8      0x134 C:/devkitPro/libogc/lib/wii\libbte.a(hci.o)
                0x8000e6d8                hci_close
 .text.hci_reset_all
                0x8000e80c       0xa8 C:/devkitPro/libogc/lib/wii\libbte.a(hci.o)
                0x8000e80c                hci_reset_all
 .text.hci_arg  0x8000e8b4        0xc C:/devkitPro/libogc/lib/wii\libbte.a(hci.o)
                0x8000e8b4                hci_arg
 .text.hci_cmd_complete
                0x8000e8c0        0xc C:/devkitPro/libogc/lib/wii\libbte.a(hci.o)
                0x8000e8c0                hci_cmd_complete
 .text.hci_connection_complete
                0x8000e8cc        0xc C:/devkitPro/libogc/lib/wii\libbte.a(hci.o)
                0x8000e8cc                hci_connection_complete
 .text.hci_wlp_complete
                0x8000e8d8        0xc C:/devkitPro/libogc/lib/wii\libbte.a(hci.o)
                0x8000e8d8                hci_wlp_complete
 .text.hci_reset
                0x8000e8e4       0xa0 C:/devkitPro/libogc/lib/wii\libbte.a(hci.o)
                0x8000e8e4                hci_reset
 .text.hci_read_buffer_size
                0x8000e984       0xa0 C:/devkitPro/libogc/lib/wii\libbte.a(hci.o)
                0x8000e984                hci_read_buffer_size
 .text.hci_read_bd_addr
                0x8000ea24       0xa0 C:/devkitPro/libogc/lib/wii\libbte.a(hci.o)
                0x8000ea24                hci_read_bd_addr
 .text.hci_read_local_version
                0x8000eac4       0x9c C:/devkitPro/libogc/lib/wii\libbte.a(hci.o)
                0x8000eac4                hci_read_local_version
 .text.hci_read_local_features
                0x8000eb60       0xa0 C:/devkitPro/libogc/lib/wii\libbte.a(hci.o)
                0x8000eb60                hci_read_local_features
 .text.hci_read_stored_link_key
                0x8000ec00       0xf0 C:/devkitPro/libogc/lib/wii\libbte.a(hci.o)
                0x8000ec00                hci_read_stored_link_key
 .text.hci_write_page_timeout
                0x8000ecf0       0xc4 C:/devkitPro/libogc/lib/wii\libbte.a(hci.o)
                0x8000ecf0                hci_write_page_timeout
 .text.hci_write_scan_enable
                0x8000edb4       0xb0 C:/devkitPro/libogc/lib/wii\libbte.a(hci.o)
                0x8000edb4                hci_write_scan_enable
 .text.hci_accecpt_conn_request
                0x8000ee64       0xd4 C:/devkitPro/libogc/lib/wii\libbte.a(hci.o)
                0x8000ee64                hci_accecpt_conn_request
 .text.hci_write_local_name
                0x8000ef38       0xdc C:/devkitPro/libogc/lib/wii\libbte.a(hci.o)
                0x8000ef38                hci_write_local_name
 .text.hci_write_pin_type
                0x8000f014       0xb0 C:/devkitPro/libogc/lib/wii\libbte.a(hci.o)
                0x8000f014                hci_write_pin_type
 .text.hci_write_inquiry_mode
                0x8000f0c4       0xb0 C:/devkitPro/libogc/lib/wii\libbte.a(hci.o)
                0x8000f0c4                hci_write_inquiry_mode
 .text.hci_write_page_scan_type
                0x8000f174       0xb0 C:/devkitPro/libogc/lib/wii\libbte.a(hci.o)
                0x8000f174                hci_write_page_scan_type
 .text.hci_write_inquiry_scan_type
                0x8000f224       0xb0 C:/devkitPro/libogc/lib/wii\libbte.a(hci.o)
                0x8000f224                hci_write_inquiry_scan_type
 .text.hci_vendor_specific_command
                0x8000f2d4       0xe8 C:/devkitPro/libogc/lib/wii\libbte.a(hci.o)
                0x8000f2d4                hci_vendor_specific_command
 .text.hci_write_link_policy_settings
                0x8000f3bc       0xf4 C:/devkitPro/libogc/lib/wii\libbte.a(hci.o)
                0x8000f3bc                hci_write_link_policy_settings
 .text.hci_pin_code_request_neg_reply
                0x8000f4b0       0xc0 C:/devkitPro/libogc/lib/wii\libbte.a(hci.o)
                0x8000f4b0                hci_pin_code_request_neg_reply
 .text.hci_link_key_req_neg_reply
                0x8000f570       0xc0 C:/devkitPro/libogc/lib/wii\libbte.a(hci.o)
                0x8000f570                hci_link_key_req_neg_reply
 .text.hci_disconnect
                0x8000f630       0xec C:/devkitPro/libogc/lib/wii\libbte.a(hci.o)
                0x8000f630                hci_disconnect
 .text.hci_write_cod
                0x8000f71c       0xc0 C:/devkitPro/libogc/lib/wii\libbte.a(hci.o)
                0x8000f71c                hci_write_cod
 .text.hci_host_buffer_size
                0x8000f7dc      0x100 C:/devkitPro/libogc/lib/wii\libbte.a(hci.o)
                0x8000f7dc                hci_host_buffer_size
 .text.hci_host_num_comp_packets
                0x8000f8dc       0xfc C:/devkitPro/libogc/lib/wii\libbte.a(hci.o)
                0x8000f8dc                hci_host_num_comp_packets
 .text.lp_pdu_maxsize
                0x8000f9d8        0xc C:/devkitPro/libogc/lib/wii\libbte.a(hci.o)
                0x8000f9d8                lp_pdu_maxsize
 .text.lp_acl_write
                0x8000f9e4      0x154 C:/devkitPro/libogc/lib/wii\libbte.a(hci.o)
                0x8000f9e4                lp_acl_write
 .text.lp_write_flush_timeout
                0x8000fb38       0xf4 C:/devkitPro/libogc/lib/wii\libbte.a(hci.o)
                0x8000fb38                lp_write_flush_timeout
 .text.hci_event_handler
                0x8000fc2c      0xc74 C:/devkitPro/libogc/lib/wii\libbte.a(hci.o)
                0x8000fc2c                hci_event_handler
 .text.hci_acldata_handler
                0x800108a0      0x110 C:/devkitPro/libogc/lib/wii\libbte.a(hci.o)
                0x800108a0                hci_acldata_handler
 .text.l2cap_init
                0x800109b0       0x60 C:/devkitPro/libogc/lib/wii\libbte.a(l2cap.o)
                0x800109b0                l2cap_init
 .text.l2cap_write
                0x80010a10      0x1a0 C:/devkitPro/libogc/lib/wii\libbte.a(l2cap.o)
                0x80010a10                l2cap_write
 .text.l2cap_new
                0x80010bb0       0x60 C:/devkitPro/libogc/lib/wii\libbte.a(l2cap.o)
                0x80010bb0                l2cap_new
 .text.l2cap_close
                0x80010c10      0x1c0 C:/devkitPro/libogc/lib/wii\libbte.a(l2cap.o)
                0x80010c10                l2cap_close
 .text.l2cap_reset_all
                0x80010dd0      0x148 C:/devkitPro/libogc/lib/wii\libbte.a(l2cap.o)
                0x80010dd0                l2cap_reset_all
 .text.l2cap_signal
                0x80010f18      0x204 C:/devkitPro/libogc/lib/wii\libbte.a(l2cap.o)
                0x80010f18                l2cap_signal
 .text.l2ca_config_req
                0x8001111c      0x13c C:/devkitPro/libogc/lib/wii\libbte.a(l2cap.o)
                0x8001111c                l2ca_config_req
 .text.l2ca_disconnect_req
                0x80011258       0xcc C:/devkitPro/libogc/lib/wii\libbte.a(l2cap.o)
                0x80011258                l2ca_disconnect_req
 .text.l2cap_tmr
                0x80011324      0x260 C:/devkitPro/libogc/lib/wii\libbte.a(l2cap.o)
                0x80011324                l2cap_tmr
 .text.l2cap_process_sig
                0x80011584     0x1318 C:/devkitPro/libogc/lib/wii\libbte.a(l2cap.o)
                0x80011584                l2cap_process_sig
 .text.l2cap_input
                0x8001289c      0x5b8 C:/devkitPro/libogc/lib/wii\libbte.a(l2cap.o)
                0x8001289c                l2cap_input
 .text.l2ca_datawrite
                0x80012e54      0x128 C:/devkitPro/libogc/lib/wii\libbte.a(l2cap.o)
                0x80012e54                l2ca_datawrite
 .text.lp_connect_cfm
                0x80012f7c      0x17c C:/devkitPro/libogc/lib/wii\libbte.a(l2cap.o)
                0x80012f7c                lp_connect_cfm
 .text.lp_connect_ind
                0x800130f8        0x4 C:/devkitPro/libogc/lib/wii\libbte.a(l2cap.o)
                0x800130f8                lp_connect_ind
 .text.lp_disconnect_ind
                0x800130fc      0x1b0 C:/devkitPro/libogc/lib/wii\libbte.a(l2cap.o)
                0x800130fc                lp_disconnect_ind
 .text.l2cap_disconnect_bb
                0x800132ac       0x10 C:/devkitPro/libogc/lib/wii\libbte.a(l2cap.o)
                0x800132ac                l2cap_disconnect_bb
 .text.l2cap_arg
                0x800132bc        0x8 C:/devkitPro/libogc/lib/wii\libbte.a(l2cap.o)
                0x800132bc                l2cap_arg
 .text.l2cap_connect_ind
                0x800132c4      0x100 C:/devkitPro/libogc/lib/wii\libbte.a(l2cap.o)
                0x800132c4                l2cap_connect_ind
 .text.l2cap_disconnect_ind
                0x800133c4        0x8 C:/devkitPro/libogc/lib/wii\libbte.a(l2cap.o)
                0x800133c4                l2cap_disconnect_ind
 .text.l2cap_recv
                0x800133cc        0x8 C:/devkitPro/libogc/lib/wii\libbte.a(l2cap.o)
                0x800133cc                l2cap_recv
 .text.btmemb_init
                0x800133d4       0x24 C:/devkitPro/libogc/lib/wii\libbte.a(btmemb.o)
                0x800133d4                btmemb_init
 .text.btmemb_alloc
                0x800133f8       0x98 C:/devkitPro/libogc/lib/wii\libbte.a(btmemb.o)
                0x800133f8                btmemb_alloc
 .text.btmemb_free
                0x80013490       0xe0 C:/devkitPro/libogc/lib/wii\libbte.a(btmemb.o)
                0x80013490                btmemb_free
 .text.plug_holes
                0x80013570       0xac C:/devkitPro/libogc/lib/wii\libbte.a(btmemr.o)
 .text.btmemr_init
                0x8001361c       0xa4 C:/devkitPro/libogc/lib/wii\libbte.a(btmemr.o)
                0x8001361c                btmemr_init
 .text.btmemr_malloc
                0x800136c0      0x180 C:/devkitPro/libogc/lib/wii\libbte.a(btmemr.o)
                0x800136c0                btmemr_malloc
 .text.btmemr_free
                0x80013840       0x98 C:/devkitPro/libogc/lib/wii\libbte.a(btmemr.o)
                0x80013840                btmemr_free
 .text.btmemr_realloc
                0x800138d8      0x120 C:/devkitPro/libogc/lib/wii\libbte.a(btmemr.o)
                0x800138d8                btmemr_realloc
 .text.btpbuf_init
                0x800139f8       0x28 C:/devkitPro/libogc/lib/wii\libbte.a(btpbuf.o)
                0x800139f8                btpbuf_init
 .text.btpbuf_free
                0x80013a20      0x104 C:/devkitPro/libogc/lib/wii\libbte.a(btpbuf.o)
                0x80013a20                btpbuf_free
 .text.btpbuf_alloc
                0x80013b24      0x270 C:/devkitPro/libogc/lib/wii\libbte.a(btpbuf.o)
                0x80013b24                btpbuf_alloc
 .text.btpbuf_realloc
                0x80013d94      0x120 C:/devkitPro/libogc/lib/wii\libbte.a(btpbuf.o)
                0x80013d94                btpbuf_realloc
 .text.btpbuf_header
                0x80013eb4       0x84 C:/devkitPro/libogc/lib/wii\libbte.a(btpbuf.o)
                0x80013eb4                btpbuf_header
 .text.btpbuf_ref
                0x80013f38       0x48 C:/devkitPro/libogc/lib/wii\libbte.a(btpbuf.o)
                0x80013f38                btpbuf_ref
 .text.btpbuf_chain
                0x80013f80       0x9c C:/devkitPro/libogc/lib/wii\libbte.a(btpbuf.o)
                0x80013f80                btpbuf_chain
 .text.btpbuf_dechain
                0x8001401c       0x7c C:/devkitPro/libogc/lib/wii\libbte.a(btpbuf.o)
                0x8001401c                btpbuf_dechain
 .text.btpbuf_take
                0x80014098      0x13c C:/devkitPro/libogc/lib/wii\libbte.a(btpbuf.o)
                0x80014098                btpbuf_take
 .text.__usb_closeCB
                0x800141d4       0x10 C:/devkitPro/libogc/lib/wii\libbte.a(physbusif.o)
 .text.__writebulkmsgCB
                0x800141e4       0x3c C:/devkitPro/libogc/lib/wii\libbte.a(physbusif.o)
 .text.__writectrlmsgCB
                0x80014220       0x3c C:/devkitPro/libogc/lib/wii\libbte.a(physbusif.o)
 .text.__issue_intrread.part.0
                0x8001425c       0x80 C:/devkitPro/libogc/lib/wii\libbte.a(physbusif.o)
 .text.__readintrdataCB
                0x800142dc      0x150 C:/devkitPro/libogc/lib/wii\libbte.a(physbusif.o)
 .text.__issue_bulkread.part.0
                0x8001442c       0x80 C:/devkitPro/libogc/lib/wii\libbte.a(physbusif.o)
 .text.__readbulkdataCB
                0x800144ac      0x150 C:/devkitPro/libogc/lib/wii\libbte.a(physbusif.o)
 .text.physbusif_init
                0x800145fc      0x1ec C:/devkitPro/libogc/lib/wii\libbte.a(physbusif.o)
                0x800145fc                physbusif_init
 .text.physbusif_close
                0x800147e8       0x20 C:/devkitPro/libogc/lib/wii\libbte.a(physbusif.o)
                0x800147e8                physbusif_close
 .text.physbusif_shutdown
                0x80014808       0x24 C:/devkitPro/libogc/lib/wii\libbte.a(physbusif.o)
                0x80014808                physbusif_shutdown
 .text.physbusif_reset_all
                0x8001482c        0x4 C:/devkitPro/libogc/lib/wii\libbte.a(physbusif.o)
                0x8001482c                physbusif_reset_all
 .text.physbusif_output
                0x80014830      0x1f4 C:/devkitPro/libogc/lib/wii\libbte.a(physbusif.o)
                0x80014830                physbusif_output
 .text.RGB8_to_YCbCr
                0x80014a24      0x144 C:/devkitPro/libogc/lib/wii\libogc.a(console.o)
 .text.__console_drawc.part.0
                0x80014b68      0x274 C:/devkitPro/libogc/lib/wii\libogc.a(console.o)
 .text.__console_clear_line
                0x80014ddc      0x158 C:/devkitPro/libogc/lib/wii\libogc.a(console.o)
 .text.__console_clear
                0x80014f34      0x11c C:/devkitPro/libogc/lib/wii\libogc.a(console.o)
 .text.__set_default_console
                0x80015050      0x108 C:/devkitPro/libogc/lib/wii\libogc.a(console.o)
 .text.__console_init
                0x80015158       0x70 C:/devkitPro/libogc/lib/wii\libogc.a(console.o)
                0x80015158                __console_init
 .text.newRow   0x800151c8      0x108 C:/devkitPro/libogc/lib/wii\libogc.a(console.o)
                0x800151c8                newRow
 .text.consolePrintChar.part.0
                0x800152d0      0x228 C:/devkitPro/libogc/lib/wii\libogc.a(console.o)
 .text.__console_write
                0x800154f8      0xc2c C:/devkitPro/libogc/lib/wii\libogc.a(console.o)
                0x800154f8                __console_write
 .text.CON_Init
                0x80016124       0x70 C:/devkitPro/libogc/lib/wii\libogc.a(console.o)
                0x80016124                CON_Init
 .text.CON_EnableGecko
                0x80016194       0xf8 C:/devkitPro/libogc/lib/wii\libogc.a(console.o)
                0x80016194                CON_EnableGecko
 .text.__lwp_queue_initialize
                0x8001628c       0x98 C:/devkitPro/libogc/lib/wii\libogc.a(lwp_queue.o)
                0x8001628c                __lwp_queue_initialize
 .text.__lwp_queue_get
                0x80016324       0x74 C:/devkitPro/libogc/lib/wii\libogc.a(lwp_queue.o)
                0x80016324                __lwp_queue_get
 .text.__lwp_queue_append
                0x80016398       0x4c C:/devkitPro/libogc/lib/wii\libogc.a(lwp_queue.o)
                0x80016398                __lwp_queue_append
 .text.__syscall_getreent
                0x800163e4       0x24 C:/devkitPro/libogc/lib/wii\libogc.a(lwp_threads.o)
                0x800163e4                __syscall_getreent
 .text.__lwp_isr_in_progress
                0x80016408        0x8 C:/devkitPro/libogc/lib/wii\libogc.a(lwp_threads.o)
                0x80016408                __lwp_isr_in_progress
 .text.__thread_dispatch_fp
                0x80016410       0x88 C:/devkitPro/libogc/lib/wii\libogc.a(lwp_threads.o)
                0x80016410                __thread_dispatch_fp
 .text.__thread_dispatch
                0x80016498       0xf4 C:/devkitPro/libogc/lib/wii\libogc.a(lwp_threads.o)
                0x80016498                __thread_dispatch
 .text.__lwp_thread_resettimeslice
                0x8001658c       0xb4 C:/devkitPro/libogc/lib/wii\libogc.a(lwp_threads.o)
                0x8001658c                __lwp_thread_resettimeslice
 .text.__lwp_thread_tickle_timeslice
                0x80016640       0xc8 C:/devkitPro/libogc/lib/wii\libogc.a(lwp_threads.o)
                0x80016640                __lwp_thread_tickle_timeslice
 .text.__lwp_thread_setstate
                0x80016708      0x16c C:/devkitPro/libogc/lib/wii\libogc.a(lwp_threads.o)
                0x80016708                __lwp_thread_setstate
 .text.__lwp_thread_clearstate
                0x80016874       0xe4 C:/devkitPro/libogc/lib/wii\libogc.a(lwp_threads.o)
                0x80016874                __lwp_thread_clearstate
 .text.__lwp_thread_delayended
                0x80016958       0x48 C:/devkitPro/libogc/lib/wii\libogc.a(lwp_threads.o)
                0x80016958                __lwp_thread_delayended
 .text.__lwp_thread_settransient
                0x800169a0       0xb4 C:/devkitPro/libogc/lib/wii\libogc.a(lwp_threads.o)
                0x800169a0                __lwp_thread_settransient
 .text.__lwp_thread_changepriority
                0x80016a54      0x1f8 C:/devkitPro/libogc/lib/wii\libogc.a(lwp_threads.o)
                0x80016a54                __lwp_thread_changepriority
 .text.__lwp_thread_ready
                0x80016c4c       0xf0 C:/devkitPro/libogc/lib/wii\libogc.a(lwp_threads.o)
                0x80016c4c                __lwp_thread_ready
 .text.__lwp_thread_init
                0x80016d3c      0x160 C:/devkitPro/libogc/lib/wii\libogc.a(lwp_threads.o)
                0x80016d3c                __lwp_thread_init
 .text.__lwp_thread_close
                0x80016e9c      0x144 C:/devkitPro/libogc/lib/wii\libogc.a(lwp_threads.o)
                0x80016e9c                __lwp_thread_close
 .text.__lwp_thread_handler
                0x80016fe0       0xc0 C:/devkitPro/libogc/lib/wii\libogc.a(lwp_threads.o)
 .text.__lwp_thread_closeall
                0x800170a0       0xb4 C:/devkitPro/libogc/lib/wii\libogc.a(lwp_threads.o)
                0x800170a0                __lwp_thread_closeall
 .text.__lwp_thread_start
                0x80017154      0x13c C:/devkitPro/libogc/lib/wii\libogc.a(lwp_threads.o)
                0x80017154                __lwp_thread_start
 .text.__lwp_thread_startmultitasking
                0x80017290       0xac C:/devkitPro/libogc/lib/wii\libogc.a(lwp_threads.o)
                0x80017290                __lwp_thread_startmultitasking
 .text.__lwp_thread_stopmultitasking
                0x8001733c       0x58 C:/devkitPro/libogc/lib/wii\libogc.a(lwp_threads.o)
                0x8001733c                __lwp_thread_stopmultitasking
 .text.__lwp_thread_coreinit
                0x80017394       0xc8 C:/devkitPro/libogc/lib/wii\libogc.a(lwp_threads.o)
                0x80017394                __lwp_thread_coreinit
 .text.idle_func
                0x8001745c        0x4 C:/devkitPro/libogc/lib/wii\libogc.a(lwp.o)
 .text.__lwp_sysinit
                0x80017460      0x114 C:/devkitPro/libogc/lib/wii\libogc.a(lwp.o)
                0x80017460                __lwp_sysinit
 .text.LWP_InitQueue
                0x80017574      0x148 C:/devkitPro/libogc/lib/wii\libogc.a(lwp.o)
                0x80017574                LWP_InitQueue
 .text.LWP_CloseQueue
                0x800176bc       0xd4 C:/devkitPro/libogc/lib/wii\libogc.a(lwp.o)
                0x800176bc                LWP_CloseQueue
 .text.LWP_ThreadSleep
                0x80017790       0xf4 C:/devkitPro/libogc/lib/wii\libogc.a(lwp.o)
                0x80017790                LWP_ThreadSleep
 .text.LWP_ThreadBroadcast
                0x80017884       0x88 C:/devkitPro/libogc/lib/wii\libogc.a(lwp.o)
                0x80017884                LWP_ThreadBroadcast
 .text.LWP_ThreadSignal
                0x8001790c       0x74 C:/devkitPro/libogc/lib/wii\libogc.a(lwp.o)
                0x8001790c                LWP_ThreadSignal
 .text.__lwp_stack_allocate
                0x80017980       0x60 C:/devkitPro/libogc/lib/wii\libogc.a(lwp_stack.o)
                0x80017980                __lwp_stack_allocate
 .text.__lwp_stack_free
                0x800179e0       0x1c C:/devkitPro/libogc/lib/wii\libogc.a(lwp_stack.o)
                0x800179e0                __lwp_stack_free
 .text.__lwp_wd_settimer
                0x800179fc       0xdc C:/devkitPro/libogc/lib/wii\libogc.a(lwp_watchdog.o)
 .text.__lwp_watchdog_init
                0x80017ad8       0x2c C:/devkitPro/libogc/lib/wii\libogc.a(lwp_watchdog.o)
                0x80017ad8                __lwp_watchdog_init
 .text.__lwp_wd_insert
                0x80017b04      0x19c C:/devkitPro/libogc/lib/wii\libogc.a(lwp_watchdog.o)
                0x80017b04                __lwp_wd_insert
 .text.__lwp_wd_remove
                0x80017ca0      0x134 C:/devkitPro/libogc/lib/wii\libogc.a(lwp_watchdog.o)
                0x80017ca0                __lwp_wd_remove
 .text.__lwp_wd_tickle
                0x80017dd4      0x120 C:/devkitPro/libogc/lib/wii\libogc.a(lwp_watchdog.o)
                0x80017dd4                __lwp_wd_tickle
 .text.__lwp_wkspace_init
                0x80017ef4       0xc0 C:/devkitPro/libogc/lib/wii\libogc.a(lwp_wkspace.o)
                0x80017ef4                __lwp_wkspace_init
 .text.__lwp_objmgr_initinfo
                0x80017fb4      0x1a0 C:/devkitPro/libogc/lib/wii\libogc.a(lwp_objmgr.o)
                0x80017fb4                __lwp_objmgr_initinfo
 .text.__lwp_objmgr_getisrdisable
                0x80018154       0x60 C:/devkitPro/libogc/lib/wii\libogc.a(lwp_objmgr.o)
                0x80018154                __lwp_objmgr_getisrdisable
 .text.__lwp_objmgr_getnoprotection
                0x800181b4       0x24 C:/devkitPro/libogc/lib/wii\libogc.a(lwp_objmgr.o)
                0x800181b4                __lwp_objmgr_getnoprotection
 .text.__lwp_objmgr_get
                0x800181d8       0x6c C:/devkitPro/libogc/lib/wii\libogc.a(lwp_objmgr.o)
                0x800181d8                __lwp_objmgr_get
 .text.__lwp_objmgr_allocate
                0x80018244       0x88 C:/devkitPro/libogc/lib/wii\libogc.a(lwp_objmgr.o)
                0x80018244                __lwp_objmgr_allocate
 .text.__lwp_objmgr_free
                0x800182cc       0x60 C:/devkitPro/libogc/lib/wii\libogc.a(lwp_objmgr.o)
                0x800182cc                __lwp_objmgr_free
 .text.__lwp_heap_init
                0x8001832c       0xa4 C:/devkitPro/libogc/lib/wii\libogc.a(lwp_heap.o)
                0x8001832c                __lwp_heap_init
 .text.__lwp_heap_allocate
                0x800183d0      0x168 C:/devkitPro/libogc/lib/wii\libogc.a(lwp_heap.o)
                0x800183d0                __lwp_heap_allocate
 .text.__lwp_heap_free
                0x80018538      0x188 C:/devkitPro/libogc/lib/wii\libogc.a(lwp_heap.o)
                0x80018538                __lwp_heap_free
 .text.__SetInterrupts
                0x800186c0      0x268 C:/devkitPro/libogc/lib/wii\libogc.a(irq.o)
 .text.c_irqdispatcher
                0x80018928      0x26c C:/devkitPro/libogc/lib/wii\libogc.a(irq.o)
                0x80018928                c_irqdispatcher
 .text.__UnmaskIrq
                0x80018b94       0x84 C:/devkitPro/libogc/lib/wii\libogc.a(irq.o)
                0x80018b94                __UnmaskIrq
 .text.__MaskIrq
                0x80018c18       0x84 C:/devkitPro/libogc/lib/wii\libogc.a(irq.o)
                0x80018c18                __MaskIrq
 .text.__irq_init
                0x80018c9c       0x84 C:/devkitPro/libogc/lib/wii\libogc.a(irq.o)
                0x80018c9c                __irq_init
 .text.IRQ_Request
                0x80018d20       0x50 C:/devkitPro/libogc/lib/wii\libogc.a(irq.o)
                0x80018d20                IRQ_Request
 .text.IRQ_GetHandler
                0x80018d70       0x44 C:/devkitPro/libogc/lib/wii\libogc.a(irq.o)
                0x80018d70                IRQ_GetHandler
 .text.IRQ_Disable
                0x80018db4       0x1c C:/devkitPro/libogc/lib/wii\libogc.a(irq.o)
                0x80018db4                IRQ_Disable
 .text.IRQ_Restore
                0x80018dd0       0x1c C:/devkitPro/libogc/lib/wii\libogc.a(irq.o)
                0x80018dd0                IRQ_Restore
 .text.__VISendI2CData.constprop.0.isra.0
                0x80018dec      0x418 C:/devkitPro/libogc/lib/wii\libogc.a(video.o)
 .text.__setFbbRegs.constprop.0
                0x80019204      0x190 C:/devkitPro/libogc/lib/wii\libogc.a(video.o)
 .text.__VISetGamma
                0x80019394       0x58 C:/devkitPro/libogc/lib/wii\libogc.a(video.o)
 .text.__VISetOutputMode
                0x800193ec      0x134 C:/devkitPro/libogc/lib/wii\libogc.a(video.o)
 .text.__VISetMacroVision
                0x80019520       0xb4 C:/devkitPro/libogc/lib/wii\libogc.a(video.o)
 .text.__VIClearFramebuffer
                0x800195d4       0x48 C:/devkitPro/libogc/lib/wii\libogc.a(video.o)
                0x800195d4                __VIClearFramebuffer
 .text.VIDEO_WaitVSync
                0x8001961c       0x74 C:/devkitPro/libogc/lib/wii\libogc.a(video.o)
                0x8001961c                VIDEO_WaitVSync
 .text.VIDEO_SetFramebuffer
                0x80019690       0xd0 C:/devkitPro/libogc/lib/wii\libogc.a(video.o)
                0x80019690                VIDEO_SetFramebuffer
 .text.VIDEO_SetNextFramebuffer
                0x80019760       0x70 C:/devkitPro/libogc/lib/wii\libogc.a(video.o)
                0x80019760                VIDEO_SetNextFramebuffer
 .text.VIDEO_Flush
                0x800197d0       0xf4 C:/devkitPro/libogc/lib/wii\libogc.a(video.o)
                0x800197d0                VIDEO_Flush
 .text.VIDEO_SetBlack
                0x800198c4      0x15c C:/devkitPro/libogc/lib/wii\libogc.a(video.o)
                0x800198c4                VIDEO_SetBlack
 .text.VIDEO_GetCurrentTvMode
                0x80019a20       0x78 C:/devkitPro/libogc/lib/wii\libogc.a(video.o)
                0x80019a20                VIDEO_GetCurrentTvMode
 .text.__VIRetraceHandler
                0x80019a98      0x250 C:/devkitPro/libogc/lib/wii\libogc.a(video.o)
 .text.__VISetupEncoder.part.0.isra.0
                0x80019ce8      0x29c C:/devkitPro/libogc/lib/wii\libogc.a(video.o)
 .text.VIDEO_Configure
                0x80019f84      0x62c C:/devkitPro/libogc/lib/wii\libogc.a(video.o)
                0x80019f84                VIDEO_Configure
 .text.VIDEO_Init
                0x8001a5b0      0x3ec C:/devkitPro/libogc/lib/wii\libogc.a(video.o)
                0x8001a5b0                VIDEO_Init
 .text.VIDEO_GetPreferredMode
                0x8001a99c      0x108 C:/devkitPro/libogc/lib/wii\libogc.a(video.o)
                0x8001a99c                VIDEO_GetPreferredMode
 .text.VIDEO_GetCurrentLine
                0x8001aaa4       0xa0 C:/devkitPro/libogc/lib/wii\libogc.a(video.o)
                0x8001aaa4                VIDEO_GetCurrentLine
 .text.VIDEO_GetFrameBufferSize
                0x8001ab44       0x34 C:/devkitPro/libogc/lib/wii\libogc.a(video.o)
                0x8001ab44                VIDEO_GetFrameBufferSize
 .text.VIDEO_ClearFrameBuffer
                0x8001ab78       0x78 C:/devkitPro/libogc/lib/wii\libogc.a(video.o)
                0x8001ab78                VIDEO_ClearFrameBuffer
 .text.__call_resetfuncs
                0x8001abf0       0xbc C:/devkitPro/libogc/lib/wii\libogc.a(system.o)
 .text.__MEMInterruptHandler
                0x8001acac       0x14 C:/devkitPro/libogc/lib/wii\libogc.a(system.o)
 .text.__RSWDefaultHandler
                0x8001acc0        0x4 C:/devkitPro/libogc/lib/wii\libogc.a(system.o)
 .text.__POWDefaultHandler
                0x8001acc4        0x4 C:/devkitPro/libogc/lib/wii\libogc.a(system.o)
 .text.__STMEventHandler
                0x8001acc8       0xf4 C:/devkitPro/libogc/lib/wii\libogc.a(system.o)
 .text.__getrtc
                0x8001adbc      0x14c C:/devkitPro/libogc/lib/wii\libogc.a(system.o)
 .text.__sram_write
                0x8001af08      0x144 C:/devkitPro/libogc/lib/wii\libogc.a(system.o)
 .text.__sram_writecallback
                0x8001b04c       0x54 C:/devkitPro/libogc/lib/wii\libogc.a(system.o)
 .text.__mem_onreset
                0x8001b0a0       0x48 C:/devkitPro/libogc/lib/wii\libogc.a(system.o)
 .text.__unlocksram
                0x8001b0e8      0x130 C:/devkitPro/libogc/lib/wii\libogc.a(system.o)
 .text.__sys_alarmhandler
                0x8001b218      0x14c C:/devkitPro/libogc/lib/wii\libogc.a(system.o)
 .text.__syscall_malloc_lock
                0x8001b364        0x4 C:/devkitPro/libogc/lib/wii\libogc.a(system.o)
                0x8001b364                __syscall_malloc_lock
 .text.__syscall_malloc_unlock
                0x8001b368        0x4 C:/devkitPro/libogc/lib/wii\libogc.a(system.o)
                0x8001b368                __syscall_malloc_unlock
 .text.__syscall_nanosleep
                0x8001b36c        0x4 C:/devkitPro/libogc/lib/wii\libogc.a(system.o)
                0x8001b36c                __syscall_nanosleep
 .text.__SYS_GetRTC
                0x8001b370       0x98 C:/devkitPro/libogc/lib/wii\libogc.a(system.o)
                0x8001b370                __SYS_GetRTC
 .text.__SYS_SetBootTime
                0x8001b408       0xf4 C:/devkitPro/libogc/lib/wii\libogc.a(system.o)
                0x8001b408                __SYS_SetBootTime
 .text.__SYS_GetIPCBufferLo
                0x8001b4fc        0x8 C:/devkitPro/libogc/lib/wii\libogc.a(system.o)
                0x8001b4fc                __SYS_GetIPCBufferLo
 .text.__SYS_GetIPCBufferHi
                0x8001b504        0x8 C:/devkitPro/libogc/lib/wii\libogc.a(system.o)
                0x8001b504                __SYS_GetIPCBufferHi
 .text.__SYS_DoPowerCB
                0x8001b50c       0x74 C:/devkitPro/libogc/lib/wii\libogc.a(system.o)
                0x8001b50c                __SYS_DoPowerCB
 .text.__SYS_PreInit
                0x8001b580        0x4 C:/devkitPro/libogc/lib/wii\libogc.a(system.o)
                0x8001b580                __SYS_PreInit
 .text.SYS_PreMain
                0x8001b584       0x7c C:/devkitPro/libogc/lib/wii\libogc.a(system.o)
                0x8001b584                SYS_PreMain
 .text.SYS_ResetButtonDown
                0x8001b600       0x18 C:/devkitPro/libogc/lib/wii\libogc.a(system.o)
                0x8001b600                SYS_ResetButtonDown
 .text.SYS_ResetSystem
                0x8001b618      0x1f8 C:/devkitPro/libogc/lib/wii\libogc.a(system.o)
                0x8001b618                SYS_ResetSystem
 .text.__reload
                0x8001b810       0x7c C:/devkitPro/libogc/lib/wii\libogc.a(system.o)
                0x8001b810                __reload
 .text.__syscall_exit
                0x8001b88c       0x84 C:/devkitPro/libogc/lib/wii\libogc.a(system.o)
                0x8001b88c                __syscall_exit
 .text.SYS_RegisterResetFunc
                0x8001b910       0x78 C:/devkitPro/libogc/lib/wii\libogc.a(system.o)
                0x8001b910                SYS_RegisterResetFunc
 .text.SYS_SetArena1Lo
                0x8001b988       0x38 C:/devkitPro/libogc/lib/wii\libogc.a(system.o)
                0x8001b988                SYS_SetArena1Lo
 .text.SYS_GetArena1Lo
                0x8001b9c0       0x38 C:/devkitPro/libogc/lib/wii\libogc.a(system.o)
                0x8001b9c0                SYS_GetArena1Lo
 .text.SYS_GetArena1Hi
                0x8001b9f8       0x38 C:/devkitPro/libogc/lib/wii\libogc.a(system.o)
                0x8001b9f8                SYS_GetArena1Hi
 .text.SYS_SetArena2Lo
                0x8001ba30       0x38 C:/devkitPro/libogc/lib/wii\libogc.a(system.o)
                0x8001ba30                SYS_SetArena2Lo
 .text.SYS_GetArena2Lo
                0x8001ba68       0x38 C:/devkitPro/libogc/lib/wii\libogc.a(system.o)
                0x8001ba68                SYS_GetArena2Lo
 .text.SYS_SetArena2Hi
                0x8001baa0       0x38 C:/devkitPro/libogc/lib/wii\libogc.a(system.o)
                0x8001baa0                SYS_SetArena2Hi
 .text.SYS_GetArena2Hi
                0x8001bad8       0x38 C:/devkitPro/libogc/lib/wii\libogc.a(system.o)
                0x8001bad8                SYS_GetArena2Hi
 .text.SYS_AllocateFramebuffer
                0x8001bb10       0x28 C:/devkitPro/libogc/lib/wii\libogc.a(system.o)
                0x8001bb10                SYS_AllocateFramebuffer
 .text.SYS_CreateAlarm
                0x8001bb38      0x104 C:/devkitPro/libogc/lib/wii\libogc.a(system.o)
                0x8001bb38                SYS_CreateAlarm
 .text.SYS_SetAlarm
                0x8001bc3c      0x1e0 C:/devkitPro/libogc/lib/wii\libogc.a(system.o)
                0x8001bc3c                SYS_SetAlarm
 .text.SYS_SetPeriodicAlarm
                0x8001be1c      0x258 C:/devkitPro/libogc/lib/wii\libogc.a(system.o)
                0x8001be1c                SYS_SetPeriodicAlarm
 .text.SYS_RemoveAlarm
                0x8001c074      0x10c C:/devkitPro/libogc/lib/wii\libogc.a(system.o)
                0x8001c074                SYS_RemoveAlarm
 .text.SYS_CancelAlarm
                0x8001c180       0xbc C:/devkitPro/libogc/lib/wii\libogc.a(system.o)
                0x8001c180                SYS_CancelAlarm
 .text.SYS_GetWirelessID
                0x8001c23c       0x90 C:/devkitPro/libogc/lib/wii\libogc.a(system.o)
                0x8001c23c                SYS_GetWirelessID
 .text.SYS_SetWirelessID
                0x8001c2cc       0x90 C:/devkitPro/libogc/lib/wii\libogc.a(system.o)
                0x8001c2cc                SYS_SetWirelessID
 .text.SYS_SetGBSMode
                0x8001c35c       0xa8 C:/devkitPro/libogc/lib/wii\libogc.a(system.o)
                0x8001c35c                SYS_SetGBSMode
 .text.__sram_init
                0x8001c404      0x1c4 C:/devkitPro/libogc/lib/wii\libogc.a(system.o)
                0x8001c404                __sram_init
 .text.SYS_Init
                0x8001c5c8      0x5b0 C:/devkitPro/libogc/lib/wii\libogc.a(system.o)
                0x8001c5c8                SYS_Init
 .text.SYS_GetHollywoodRevision
                0x8001cb78       0x3c C:/devkitPro/libogc/lib/wii\libogc.a(system.o)
                0x8001cb78                SYS_GetHollywoodRevision
 .text.SYS_Time
                0x8001cbb4       0x78 C:/devkitPro/libogc/lib/wii\libogc.a(system.o)
                0x8001cbb4                SYS_Time
 .text.__lwp_cond_init
                0x8001cc2c       0x14 C:/devkitPro/libogc/lib/wii\libogc.a(cond.o)
                0x8001cc2c                __lwp_cond_init
 .text.__decrementer_init
                0x8001cc40        0x4 C:/devkitPro/libogc/lib/wii\libogc.a(decrementer.o)
                0x8001cc40                __decrementer_init
 .text.c_decrementer_handler
                0x8001cc44        0xc C:/devkitPro/libogc/lib/wii\libogc.a(decrementer.o)
                0x8001cc44                c_decrementer_handler
 .text.__lwp_mqbox_init
                0x8001cc50       0x14 C:/devkitPro/libogc/lib/wii\libogc.a(message.o)
                0x8001cc50                __lwp_mqbox_init
 .text.__si_transfer
                0x8001cc64      0x1d0 C:/devkitPro/libogc/lib/wii\libogc.a(si.o)
 .text.__si_alarmhandler
                0x8001ce34       0xa0 C:/devkitPro/libogc/lib/wii\libogc.a(si.o)
 .text.__si_completetransfer
                0x8001ced4      0x1fc C:/devkitPro/libogc/lib/wii\libogc.a(si.o)
 .text.__si_transfernext
                0x8001d0d0       0xd8 C:/devkitPro/libogc/lib/wii\libogc.a(si.o)
 .text.SI_Busy  0x8001d1a8       0x18 C:/devkitPro/libogc/lib/wii\libogc.a(si.o)
                0x8001d1a8                SI_Busy
 .text.SI_IsChanBusy
                0x8001d1c0       0x38 C:/devkitPro/libogc/lib/wii\libogc.a(si.o)
                0x8001d1c0                SI_IsChanBusy
 .text.SI_SetXY
                0x8001d1f8       0x64 C:/devkitPro/libogc/lib/wii\libogc.a(si.o)
                0x8001d1f8                SI_SetXY
 .text.SI_EnablePolling
                0x8001d25c       0x78 C:/devkitPro/libogc/lib/wii\libogc.a(si.o)
                0x8001d25c                SI_EnablePolling
 .text.SI_DisablePolling
                0x8001d2d4       0x58 C:/devkitPro/libogc/lib/wii\libogc.a(si.o)
                0x8001d2d4                SI_DisablePolling
 .text.SI_SetSamplingRate
                0x8001d32c       0xd8 C:/devkitPro/libogc/lib/wii\libogc.a(si.o)
                0x8001d32c                SI_SetSamplingRate
 .text.SI_RefreshSamplingRate
                0x8001d404        0x8 C:/devkitPro/libogc/lib/wii\libogc.a(si.o)
                0x8001d404                SI_RefreshSamplingRate
 .text.SI_GetStatus
                0x8001d40c       0x78 C:/devkitPro/libogc/lib/wii\libogc.a(si.o)
                0x8001d40c                SI_GetStatus
 .text.SI_GetResponseRaw
                0x8001d484       0xe8 C:/devkitPro/libogc/lib/wii\libogc.a(si.o)
                0x8001d484                SI_GetResponseRaw
 .text.SI_GetResponse
                0x8001d56c       0xb8 C:/devkitPro/libogc/lib/wii\libogc.a(si.o)
                0x8001d56c                SI_GetResponse
 .text.SI_SetCommand
                0x8001d624       0x10 C:/devkitPro/libogc/lib/wii\libogc.a(si.o)
                0x8001d624                SI_SetCommand
 .text.SI_Transfer
                0x8001d634      0x29c C:/devkitPro/libogc/lib/wii\libogc.a(si.o)
                0x8001d634                SI_Transfer
 .text.__si_gettypecallback
                0x8001d8d0      0x2b8 C:/devkitPro/libogc/lib/wii\libogc.a(si.o)
 .text.__si_interrupthandler
                0x8001db88      0x278 C:/devkitPro/libogc/lib/wii\libogc.a(si.o)
 .text.SI_GetType
                0x8001de00      0x214 C:/devkitPro/libogc/lib/wii\libogc.a(si.o)
                0x8001de00                SI_GetType
 .text.SI_GetTypeAsync
                0x8001e014      0x13c C:/devkitPro/libogc/lib/wii\libogc.a(si.o)
                0x8001e014                SI_GetTypeAsync
 .text.SI_EnablePollingInterrupt
                0x8001e150       0x8c C:/devkitPro/libogc/lib/wii\libogc.a(si.o)
                0x8001e150                SI_EnablePollingInterrupt
 .text.SI_UnregisterPollingHandler
                0x8001e1dc       0xf4 C:/devkitPro/libogc/lib/wii\libogc.a(si.o)
                0x8001e1dc                SI_UnregisterPollingHandler
 .text.__si_init
                0x8001e2d0       0xe0 C:/devkitPro/libogc/lib/wii\libogc.a(si.o)
                0x8001e2d0                __si_init
 .text.__ipc_sendrequest.part.0
                0x8001e3b0       0xd8 C:/devkitPro/libogc/lib/wii\libogc.a(ipc.o)
 .text.__ipc_syncrequest
                0x8001e488       0xf4 C:/devkitPro/libogc/lib/wii\libogc.a(ipc.o)
 .text.__ioctlvfmtCB
                0x8001e57c      0x158 C:/devkitPro/libogc/lib/wii\libogc.a(ipc.o)
 .text.__ios_ioctlvformat_parse
                0x8001e6d4      0x824 C:/devkitPro/libogc/lib/wii\libogc.a(ipc.o)
 .text.__ipc_asyncrequest
                0x8001eef8      0x144 C:/devkitPro/libogc/lib/wii\libogc.a(ipc.o)
 .text.__ipc_interrupthandler
                0x8001f03c      0x384 C:/devkitPro/libogc/lib/wii\libogc.a(ipc.o)
 .text.iosCreateHeap
                0x8001f3c0      0x138 C:/devkitPro/libogc/lib/wii\libogc.a(ipc.o)
                0x8001f3c0                iosCreateHeap
 .text.iosAlloc
                0x8001f4f8       0x30 C:/devkitPro/libogc/lib/wii\libogc.a(ipc.o)
                0x8001f4f8                iosAlloc
 .text.iosFree  0x8001f528       0x28 C:/devkitPro/libogc/lib/wii\libogc.a(ipc.o)
                0x8001f528                iosFree
 .text.__IPC_ClntInit
                0x8001f550       0xc4 C:/devkitPro/libogc/lib/wii\libogc.a(ipc.o)
                0x8001f550                __IPC_ClntInit
 .text.IOS_Open
                0x8001f614      0x110 C:/devkitPro/libogc/lib/wii\libogc.a(ipc.o)
                0x8001f614                IOS_Open
 .text.IOS_Close
                0x8001f724       0xf0 C:/devkitPro/libogc/lib/wii\libogc.a(ipc.o)
                0x8001f724                IOS_Close
 .text.IOS_CloseAsync
                0x8001f814       0xb4 C:/devkitPro/libogc/lib/wii\libogc.a(ipc.o)
                0x8001f814                IOS_CloseAsync
 .text.IOS_Read
                0x8001f8c8      0x10c C:/devkitPro/libogc/lib/wii\libogc.a(ipc.o)
                0x8001f8c8                IOS_Read
 .text.IOS_Write
                0x8001f9d4      0x10c C:/devkitPro/libogc/lib/wii\libogc.a(ipc.o)
                0x8001f9d4                IOS_Write
 .text.IOS_Ioctl
                0x8001fae0      0x158 C:/devkitPro/libogc/lib/wii\libogc.a(ipc.o)
                0x8001fae0                IOS_Ioctl
 .text.IOS_IoctlAsync
                0x8001fc38      0x148 C:/devkitPro/libogc/lib/wii\libogc.a(ipc.o)
                0x8001fc38                IOS_IoctlAsync
 .text.IOS_Ioctlv
                0x8001fd80      0x1f0 C:/devkitPro/libogc/lib/wii\libogc.a(ipc.o)
                0x8001fd80                IOS_Ioctlv
 .text.IOS_IoctlvAsync
                0x8001ff70      0x1d4 C:/devkitPro/libogc/lib/wii\libogc.a(ipc.o)
                0x8001ff70                IOS_IoctlvAsync
 .text.IOS_IoctlvFormat
                0x80020144      0x170 C:/devkitPro/libogc/lib/wii\libogc.a(ipc.o)
                0x80020144                IOS_IoctlvFormat
 .text.IOS_IoctlvReboot
                0x800202b4      0x1f4 C:/devkitPro/libogc/lib/wii\libogc.a(ipc.o)
                0x800202b4                IOS_IoctlvReboot
 .text.gettick  0x800204a8        0x8 C:/devkitPro/libogc/lib/wii\libogc.a(timesupp.o)
                0x800204a8                gettick
 .text.gettime  0x800204b0       0x18 C:/devkitPro/libogc/lib/wii\libogc.a(timesupp.o)
                0x800204b0                gettime
 .text.settime  0x800204c8       0x14 C:/devkitPro/libogc/lib/wii\libogc.a(timesupp.o)
                0x800204c8                settime
 .text.diff_usec
                0x800204dc       0x90 C:/devkitPro/libogc/lib/wii\libogc.a(timesupp.o)
                0x800204dc                diff_usec
 .text.__timesystem_init
                0x8002056c       0x1c C:/devkitPro/libogc/lib/wii\libogc.a(timesupp.o)
                0x8002056c                __timesystem_init
 .text.udelay   0x80020588       0xb0 C:/devkitPro/libogc/lib/wii\libogc.a(timesupp.o)
                0x80020588                udelay
 .text.__libogc_nanosleep
                0x80020638      0x144 C:/devkitPro/libogc/lib/wii\libogc.a(timesupp.o)
                0x80020638                __libogc_nanosleep
 .text.__syscall_lock_init
                0x8002077c       0x6c C:/devkitPro/libogc/lib/wii\libogc.a(lock_supp.o)
                0x8002077c                __syscall_lock_init
 .text.__syscall_lock_init_recursive
                0x800207e8       0x6c C:/devkitPro/libogc/lib/wii\libogc.a(lock_supp.o)
                0x800207e8                __syscall_lock_init_recursive
 .text.__syscall_lock_close
                0x80020854       0x48 C:/devkitPro/libogc/lib/wii\libogc.a(lock_supp.o)
                0x80020854                __syscall_lock_close
 .text.__syscall_lock_acquire
                0x8002089c       0x18 C:/devkitPro/libogc/lib/wii\libogc.a(lock_supp.o)
                0x8002089c                __syscall_lock_acquire
 .text.__syscall_lock_release
                0x800208b4       0x18 C:/devkitPro/libogc/lib/wii\libogc.a(lock_supp.o)
                0x800208b4                __syscall_lock_release
 .text.__usbgecko_exi_unlock
                0x800208cc       0x34 C:/devkitPro/libogc/lib/wii\libogc.a(usbgecko.o)
 .text.usb_isgeckoalive
                0x80020900      0x1c4 C:/devkitPro/libogc/lib/wii\libogc.a(usbgecko.o)
                0x80020900                usb_isgeckoalive
 .text.usb_sendbuffer_ex
                0x80020ac4      0x214 C:/devkitPro/libogc/lib/wii\libogc.a(usbgecko.o)
                0x80020ac4                usb_sendbuffer_ex
 .text.usb_sendbuffer
                0x80020cd8        0x8 C:/devkitPro/libogc/lib/wii\libogc.a(usbgecko.o)
                0x80020cd8                usb_sendbuffer
 .text.usb_sendbuffer_safe_ex
                0x80020ce0      0x2ac C:/devkitPro/libogc/lib/wii\libogc.a(usbgecko.o)
                0x80020ce0                usb_sendbuffer_safe_ex
 .text.usb_sendbuffer_safe
                0x80020f8c        0x8 C:/devkitPro/libogc/lib/wii\libogc.a(usbgecko.o)
                0x80020f8c                usb_sendbuffer_safe
 .text._sbrk_r  0x80020f94      0x28c C:/devkitPro/libogc/lib/wii\libogc.a(sbrk.o)
                0x80020f94                _sbrk_r
 .text.__memlock_init
                0x80021220       0x7c C:/devkitPro/libogc/lib/wii\libogc.a(malloc_lock.o)
                0x80021220                __memlock_init
 .text.__libogc_malloc_lock
                0x8002129c      0x1fc C:/devkitPro/libogc/lib/wii\libogc.a(malloc_lock.o)
                0x8002129c                __libogc_malloc_lock
 .text.__libogc_malloc_unlock
                0x80021498       0x64 C:/devkitPro/libogc/lib/wii\libogc.a(malloc_lock.o)
                0x80021498                __libogc_malloc_unlock
 .text.__STM_SetEventHook
                0x800214fc       0xb0 C:/devkitPro/libogc/lib/wii\libogc.a(stm.o)
                0x800214fc                __STM_SetEventHook
 .text.__STM_Init
                0x800215ac       0x8c C:/devkitPro/libogc/lib/wii\libogc.a(stm.o)
                0x800215ac                __STM_Init
 .text.__STMEventHandler
                0x80021638       0x64 C:/devkitPro/libogc/lib/wii\libogc.a(stm.o)
 .text.__STM_ReleaseEventHook
                0x8002169c       0x80 C:/devkitPro/libogc/lib/wii\libogc.a(stm.o)
                0x8002169c                __STM_ReleaseEventHook
 .text.__STM_Close
                0x8002171c       0xa8 C:/devkitPro/libogc/lib/wii\libogc.a(stm.o)
                0x8002171c                __STM_Close
 .text.STM_RegisterEventHandler
                0x800217c4       0x10 C:/devkitPro/libogc/lib/wii\libogc.a(stm.o)
                0x800217c4                STM_RegisterEventHandler
 .text.STM_ShutdownToStandby
                0x800217d4       0x50 C:/devkitPro/libogc/lib/wii\libogc.a(stm.o)
                0x800217d4                STM_ShutdownToStandby
 .text.STM_ShutdownToIdle
                0x80021824       0x70 C:/devkitPro/libogc/lib/wii\libogc.a(stm.o)
                0x80021824                STM_ShutdownToIdle
 .text.STM_SetLedMode
                0x80021894       0x40 C:/devkitPro/libogc/lib/wii\libogc.a(stm.o)
                0x80021894                STM_SetLedMode
 .text.STM_RebootSystem
                0x800218d4       0x50 C:/devkitPro/libogc/lib/wii\libogc.a(stm.o)
                0x800218d4                STM_RebootSystem
 .text.__IOS_InitializeSubsystems
                0x80021924       0x48 C:/devkitPro/libogc/lib/wii\libogc.a(ios.o)
                0x80021924                __IOS_InitializeSubsystems
 .text.__IOS_ShutdownSubsystems
                0x8002196c       0x48 C:/devkitPro/libogc/lib/wii\libogc.a(ios.o)
                0x8002196c                __IOS_ShutdownSubsystems
 .text.__IOS_LoadStartupIOS
                0x800219b4        0x8 C:/devkitPro/libogc/lib/wii\libogc.a(ios.o)
                0x800219b4                __IOS_LoadStartupIOS
 .text._ES_fstat_r
                0x800219bc      0x124 C:/devkitPro/libogc/lib/wii\libogc.a(es.o)
 .text._ES_seek_r
                0x80021ae0       0xe0 C:/devkitPro/libogc/lib/wii\libogc.a(es.o)
 .text._ES_close_r
                0x80021bc0       0xb4 C:/devkitPro/libogc/lib/wii\libogc.a(es.o)
 .text.__ES_Init
                0x80021c74       0x78 C:/devkitPro/libogc/lib/wii\libogc.a(es.o)
                0x80021c74                __ES_Init
 .text.__ES_Close
                0x80021cec       0x54 C:/devkitPro/libogc/lib/wii\libogc.a(es.o)
                0x80021cec                __ES_Close
 .text.ES_GetTitleID
                0x80021d40       0x94 C:/devkitPro/libogc/lib/wii\libogc.a(es.o)
                0x80021d40                ES_GetTitleID
 .text.ES_LaunchTitle
                0x80021dd4       0xa4 C:/devkitPro/libogc/lib/wii\libogc.a(es.o)
                0x80021dd4                ES_LaunchTitle
 .text.ES_GetNumTicketViews
                0x80021e78       0x98 C:/devkitPro/libogc/lib/wii\libogc.a(es.o)
                0x80021e78                ES_GetNumTicketViews
 .text.ES_GetTicketViews
                0x80021f10       0x8c C:/devkitPro/libogc/lib/wii\libogc.a(es.o)
                0x80021f10                ES_GetTicketViews
 .text.ES_GetStoredTMD
                0x80021f9c       0x90 C:/devkitPro/libogc/lib/wii\libogc.a(es.o)
                0x80021f9c                ES_GetStoredTMD
 .text._ES_decodepath
                0x8002202c      0x410 C:/devkitPro/libogc/lib/wii\libogc.a(es.o)
 .text._ES_stat_r
                0x8002243c       0xf0 C:/devkitPro/libogc/lib/wii\libogc.a(es.o)
 .text._ES_open_r
                0x8002252c      0x1cc C:/devkitPro/libogc/lib/wii\libogc.a(es.o)
 .text.ES_ReadContent
                0x800226f8       0x6c C:/devkitPro/libogc/lib/wii\libogc.a(es.o)
                0x800226f8                ES_ReadContent
 .text._ES_read_r
                0x80022764      0x1a4 C:/devkitPro/libogc/lib/wii\libogc.a(es.o)
 .text.__usbv5_devicechangeCB
                0x80022908      0x180 C:/devkitPro/libogc/lib/wii\libogc.a(usb.o)
 .text.__usbv5_attachfinishCB
                0x80022a88       0xcc C:/devkitPro/libogc/lib/wii\libogc.a(usb.o)
 .text.__usbv5_messageCB
                0x80022b54       0x5c C:/devkitPro/libogc/lib/wii\libogc.a(usb.o)
 .text.__usb_control_message
                0x80022bb0      0x470 C:/devkitPro/libogc/lib/wii\libogc.a(usb.o)
 .text.__usb_interrupt_bulk_message
                0x80023020      0x2b4 C:/devkitPro/libogc/lib/wii\libogc.a(usb.o)
 .text.__usbv0_messageCB
                0x800232d4       0xa8 C:/devkitPro/libogc/lib/wii\libogc.a(usb.o)
 .text.USB_FreeDescriptors.part.0
                0x8002337c      0x108 C:/devkitPro/libogc/lib/wii\libogc.a(usb.o)
 .text.USB_GetDescriptors.part.0
                0x80023484      0x69c C:/devkitPro/libogc/lib/wii\libogc.a(usb.o)
 .text.USBV5_SuspendResume
                0x80023b20      0x13c C:/devkitPro/libogc/lib/wii\libogc.a(usb.o)
 .text.USBV5_GetDescriptors
                0x80023c5c      0x50c C:/devkitPro/libogc/lib/wii\libogc.a(usb.o)
 .text.USB_Deinitialize
                0x80024168       0xc8 C:/devkitPro/libogc/lib/wii\libogc.a(usb.o)
                0x80024168                USB_Deinitialize
 .text.USB_Initialize
                0x80024230      0x31c C:/devkitPro/libogc/lib/wii\libogc.a(usb.o)
                0x80024230                USB_Initialize
 .text.USB_OpenDevice
                0x8002454c      0x2f0 C:/devkitPro/libogc/lib/wii\libogc.a(usb.o)
                0x8002454c                USB_OpenDevice
 .text.USBV5_CloseDevice
                0x8002483c      0x128 C:/devkitPro/libogc/lib/wii\libogc.a(usb.o)
                0x8002483c                USBV5_CloseDevice
 .text.USB_CloseDeviceAsync
                0x80024964       0xd0 C:/devkitPro/libogc/lib/wii\libogc.a(usb.o)
                0x80024964                USB_CloseDeviceAsync
 .text.USB_ReadIntrMsgAsync
                0x80024a34       0x28 C:/devkitPro/libogc/lib/wii\libogc.a(usb.o)
                0x80024a34                USB_ReadIntrMsgAsync
 .text.USB_ReadBlkMsgAsync
                0x80024a5c       0x28 C:/devkitPro/libogc/lib/wii\libogc.a(usb.o)
                0x80024a5c                USB_ReadBlkMsgAsync
 .text.USB_WriteBlkMsgAsync
                0x80024a84       0x28 C:/devkitPro/libogc/lib/wii\libogc.a(usb.o)
                0x80024a84                USB_WriteBlkMsgAsync
 .text.USB_WriteCtrlMsgAsync
                0x80024aac        0x4 C:/devkitPro/libogc/lib/wii\libogc.a(usb.o)
                0x80024aac                USB_WriteCtrlMsgAsync
 .text.__CheckARGV
                0x80024ab0       0x80 C:/devkitPro/libogc/lib/wii\libogc.a(argv.o)
                0x80024ab0                __CheckARGV
 .text.CONF_Init
                0x80024b30      0x18c C:/devkitPro/libogc/lib/wii\libogc.a(conf.o)
                0x80024b30                CONF_Init
 .text.__CONF_GetTxt
                0x80024cbc      0x1d0 C:/devkitPro/libogc/lib/wii\libogc.a(conf.o)
                0x80024cbc                __CONF_GetTxt
 .text.__CONF_Find
                0x80024e8c       0xd8 C:/devkitPro/libogc/lib/wii\libogc.a(conf.o)
                0x80024e8c                __CONF_Find
 .text.CONF_GetLength
                0x80024f64      0x120 C:/devkitPro/libogc/lib/wii\libogc.a(conf.o)
                0x80024f64                CONF_GetLength
 .text.CONF_Get
                0x80025084      0x140 C:/devkitPro/libogc/lib/wii\libogc.a(conf.o)
                0x80025084                CONF_Get
 .text.CONF_GetShutdownMode
                0x800251c4       0x54 C:/devkitPro/libogc/lib/wii\libogc.a(conf.o)
                0x800251c4                CONF_GetShutdownMode
 .text.CONF_GetIdleLedMode
                0x80025218       0x54 C:/devkitPro/libogc/lib/wii\libogc.a(conf.o)
                0x80025218                CONF_GetIdleLedMode
 .text.CONF_GetProgressiveScan
                0x8002526c       0x54 C:/devkitPro/libogc/lib/wii\libogc.a(conf.o)
                0x8002526c                CONF_GetProgressiveScan
 .text.CONF_GetEuRGB60
                0x800252c0       0x54 C:/devkitPro/libogc/lib/wii\libogc.a(conf.o)
                0x800252c0                CONF_GetEuRGB60
 .text.CONF_GetIRSensitivity
                0x80025314       0x54 C:/devkitPro/libogc/lib/wii\libogc.a(conf.o)
                0x80025314                CONF_GetIRSensitivity
 .text.CONF_GetSensorBarPosition
                0x80025368       0x54 C:/devkitPro/libogc/lib/wii\libogc.a(conf.o)
                0x80025368                CONF_GetSensorBarPosition
 .text.CONF_GetCounterBias
                0x800253bc       0x4c C:/devkitPro/libogc/lib/wii\libogc.a(conf.o)
                0x800253bc                CONF_GetCounterBias
 .text.CONF_GetDisplayOffsetH
                0x80025408       0x4c C:/devkitPro/libogc/lib/wii\libogc.a(conf.o)
                0x80025408                CONF_GetDisplayOffsetH
 .text.CONF_GetPadDevices
                0x80025454       0x4c C:/devkitPro/libogc/lib/wii\libogc.a(conf.o)
                0x80025454                CONF_GetPadDevices
 .text.CONF_GetVideo
                0x800254a0       0x88 C:/devkitPro/libogc/lib/wii\libogc.a(conf.o)
                0x800254a0                CONF_GetVideo
 .text.__WII_WriteNANDBootInfo.isra.0
                0x80025528       0xc0 C:/devkitPro/libogc/lib/wii\libogc.a(wiilaunch.o)
 .text.__WII_WriteStateFlags.isra.0
                0x800255e8       0x98 C:/devkitPro/libogc/lib/wii\libogc.a(wiilaunch.o)
 .text.WII_Initialize
                0x80025680      0x194 C:/devkitPro/libogc/lib/wii\libogc.a(wiilaunch.o)
                0x80025680                WII_Initialize
 .text.WII_LaunchTitle
                0x80025814      0x1c0 C:/devkitPro/libogc/lib/wii\libogc.a(wiilaunch.o)
                0x80025814                WII_LaunchTitle
 .text.WII_ReturnToMenu
                0x800259d4       0x58 C:/devkitPro/libogc/lib/wii\libogc.a(wiilaunch.o)
                0x800259d4                WII_ReturnToMenu
 .text.__lwp_priority_init
                0x80025a2c       0x1c C:/devkitPro/libogc/lib/wii\libogc.a(lwp_priority.o)
                0x80025a2c                __lwp_priority_init
 .text.__lwp_threadqueue_enqueuefifo
                0x80025a48      0x128 C:/devkitPro/libogc/lib/wii\libogc.a(lwp_threadq.o)
                0x80025a48                __lwp_threadqueue_enqueuefifo
 .text.__lwp_threadqueue_dequeuefifo
                0x80025b70      0x140 C:/devkitPro/libogc/lib/wii\libogc.a(lwp_threadq.o)
                0x80025b70                __lwp_threadqueue_dequeuefifo
 .text.__lwp_threadqueue_enqueuepriority
                0x80025cb0      0x344 C:/devkitPro/libogc/lib/wii\libogc.a(lwp_threadq.o)
                0x80025cb0                __lwp_threadqueue_enqueuepriority
 .text.__lwp_threadqueue_dequeuepriority
                0x80025ff4      0x1d8 C:/devkitPro/libogc/lib/wii\libogc.a(lwp_threadq.o)
                0x80025ff4                __lwp_threadqueue_dequeuepriority
 .text.__lwp_threadqueue_init
                0x800261cc       0x64 C:/devkitPro/libogc/lib/wii\libogc.a(lwp_threadq.o)
                0x800261cc                __lwp_threadqueue_init
 .text.__lwp_threadqueue_enqueue
                0x80026230      0x138 C:/devkitPro/libogc/lib/wii\libogc.a(lwp_threadq.o)
                0x80026230                __lwp_threadqueue_enqueue
 .text.__lwp_threadqueue_dequeue
                0x80026368       0x24 C:/devkitPro/libogc/lib/wii\libogc.a(lwp_threadq.o)
                0x80026368                __lwp_threadqueue_dequeue
 .text.__lwp_threadqueue_flush
                0x8002638c       0x68 C:/devkitPro/libogc/lib/wii\libogc.a(lwp_threadq.o)
                0x8002638c                __lwp_threadqueue_flush
 .text.__lwp_threadqueue_extractfifo
                0x800263f4       0xe0 C:/devkitPro/libogc/lib/wii\libogc.a(lwp_threadq.o)
                0x800263f4                __lwp_threadqueue_extractfifo
 .text.__lwp_threadqueue_extractpriority
                0x800264d4      0x140 C:/devkitPro/libogc/lib/wii\libogc.a(lwp_threadq.o)
                0x800264d4                __lwp_threadqueue_extractpriority
 .text.__lwp_threadqueue_timeout
                0x80026614       0xd0 C:/devkitPro/libogc/lib/wii\libogc.a(lwp_threadq.o)
 .text.__lwp_threadqueue_extractproxy
                0x800266e4       0x64 C:/devkitPro/libogc/lib/wii\libogc.a(lwp_threadq.o)
                0x800266e4                __lwp_threadqueue_extractproxy
 .text.__lwp_mutex_initialize
                0x80026748       0xa4 C:/devkitPro/libogc/lib/wii\libogc.a(lwp_mutex.o)
                0x80026748                __lwp_mutex_initialize
 .text.__lwp_mutex_surrender
                0x800267ec      0x164 C:/devkitPro/libogc/lib/wii\libogc.a(lwp_mutex.o)
                0x800267ec                __lwp_mutex_surrender
 .text.__lwp_mutex_seize_irq_blocking
                0x80026950       0xf8 C:/devkitPro/libogc/lib/wii\libogc.a(lwp_mutex.o)
                0x80026950                __lwp_mutex_seize_irq_blocking
 .text.__lwp_mutex_flush
                0x80026a48        0x4 C:/devkitPro/libogc/lib/wii\libogc.a(lwp_mutex.o)
                0x80026a48                __lwp_mutex_flush
 .text.__systemcall_init
                0x80026a4c       0x6c C:/devkitPro/libogc/lib/wii\libogc.a(exception.o)
                0x80026a4c                __systemcall_init
 .text.__exception_init
                0x80026ab8      0x128 C:/devkitPro/libogc/lib/wii\libogc.a(exception.o)
                0x80026ab8                __exception_init
 .text.__exception_close
                0x80026be0       0xa4 C:/devkitPro/libogc/lib/wii\libogc.a(exception.o)
                0x80026be0                __exception_close
 .text.__exception_closeall
                0x80026c84       0x80 C:/devkitPro/libogc/lib/wii\libogc.a(exception.o)
                0x80026c84                __exception_closeall
 .text.c_default_exceptionhandler
                0x80026d04      0x484 C:/devkitPro/libogc/lib/wii\libogc.a(exception.o)
                0x80026d04                c_default_exceptionhandler
 .text.__lwp_sema_init
                0x80027188       0x14 C:/devkitPro/libogc/lib/wii\libogc.a(semaphore.o)
                0x80027188                __lwp_sema_init
 .text.SPEC1_MakeStatus
                0x8002719c      0x104 C:/devkitPro/libogc/lib/wii\libogc.a(pad.o)
 .text.__pad_samplinghandler
                0x800272a0        0x4 C:/devkitPro/libogc/lib/wii\libogc.a(pad.o)
 .text.__pad_doreset
                0x800272a4       0x50 C:/devkitPro/libogc/lib/wii\libogc.a(pad.o)
 .text.__pad_updateorigin
                0x800272f4       0x94 C:/devkitPro/libogc/lib/wii\libogc.a(pad.o)
 .text.__pad_disable
                0x80027388       0xbc C:/devkitPro/libogc/lib/wii\libogc.a(pad.o)
 .text.__pad_receivecheckcallback
                0x80027444       0x74 C:/devkitPro/libogc/lib/wii\libogc.a(pad.o)
 .text.__pad_typeandstatuscallback
                0x800274b8      0x1b4 C:/devkitPro/libogc/lib/wii\libogc.a(pad.o)
 .text.__pad_originupdatecallback
                0x8002766c       0x2c C:/devkitPro/libogc/lib/wii\libogc.a(pad.o)
 .text.SPEC2_MakeStatus
                0x80027698      0x220 C:/devkitPro/libogc/lib/wii\libogc.a(pad.o)
 .text.__pad_onreset
                0x800278b8      0x10c C:/devkitPro/libogc/lib/wii\libogc.a(pad.o)
 .text.__pad_origincallback
                0x800279c4       0x74 C:/devkitPro/libogc/lib/wii\libogc.a(pad.o)
 .text.__pad_probecallback
                0x80027a38       0x84 C:/devkitPro/libogc/lib/wii\libogc.a(pad.o)
 .text.__PADDisableRecalibration
                0x80027abc       0x60 C:/devkitPro/libogc/lib/wii\libogc.a(pad.o)
                0x80027abc                __PADDisableRecalibration
 .text.PAD_Reset
                0x80027b1c       0xf0 C:/devkitPro/libogc/lib/wii\libogc.a(pad.o)
                0x80027b1c                PAD_Reset
 .text.PAD_Read
                0x80027c0c      0x2cc C:/devkitPro/libogc/lib/wii\libogc.a(pad.o)
                0x80027c0c                PAD_Read
 .text.PAD_Init
                0x80027ed8       0xf8 C:/devkitPro/libogc/lib/wii\libogc.a(pad.o)
                0x80027ed8                PAD_Init
 .text.PAD_ScanPads
                0x80027fd0      0x13c C:/devkitPro/libogc/lib/wii\libogc.a(pad.o)
                0x80027fd0                PAD_ScanPads
 .text.PAD_ButtonsDown
                0x8002810c       0x40 C:/devkitPro/libogc/lib/wii\libogc.a(pad.o)
                0x8002810c                PAD_ButtonsDown
 .text.__exi_irq_handler
                0x8002814c       0x58 C:/devkitPro/libogc/lib/wii\libogc.a(exi.o)
 .text.__ext_irq_handler
                0x800281a4       0xc8 C:/devkitPro/libogc/lib/wii\libogc.a(exi.o)
 .text.__tc_irq_handler
                0x8002826c      0x174 C:/devkitPro/libogc/lib/wii\libogc.a(exi.o)
 .text.__exi_probe
                0x800283e0      0x208 C:/devkitPro/libogc/lib/wii\libogc.a(exi.o)
 .text.__exi_attach
                0x800285e8      0x114 C:/devkitPro/libogc/lib/wii\libogc.a(exi.o)
 .text.EXI_Lock
                0x800286fc      0x258 C:/devkitPro/libogc/lib/wii\libogc.a(exi.o)
                0x800286fc                EXI_Lock
 .text.EXI_Unlock
                0x80028954      0x2b0 C:/devkitPro/libogc/lib/wii\libogc.a(exi.o)
                0x80028954                EXI_Unlock
 .text.EXI_Select
                0x80028c04      0x22c C:/devkitPro/libogc/lib/wii\libogc.a(exi.o)
                0x80028c04                EXI_Select
 .text.EXI_Deselect
                0x80028e30      0x16c C:/devkitPro/libogc/lib/wii\libogc.a(exi.o)
                0x80028e30                EXI_Deselect
 .text.EXI_Sync
                0x80028f9c      0x108 C:/devkitPro/libogc/lib/wii\libogc.a(exi.o)
                0x80028f9c                EXI_Sync
 .text.EXI_Imm  0x800290a4      0x1ec C:/devkitPro/libogc/lib/wii\libogc.a(exi.o)
                0x800290a4                EXI_Imm
 .text.EXI_ImmEx
                0x80029290       0xd0 C:/devkitPro/libogc/lib/wii\libogc.a(exi.o)
                0x80029290                EXI_ImmEx
 .text.EXI_Dma  0x80029360      0x154 C:/devkitPro/libogc/lib/wii\libogc.a(exi.o)
                0x80029360                EXI_Dma
 .text.EXI_Detach
                0x800294b4       0xcc C:/devkitPro/libogc/lib/wii\libogc.a(exi.o)
                0x800294b4                EXI_Detach
 .text.EXI_GetID
                0x80029580      0x380 C:/devkitPro/libogc/lib/wii\libogc.a(exi.o)
                0x80029580                EXI_GetID
 .text.__unlocked_handler
                0x80029900       0x28 C:/devkitPro/libogc/lib/wii\libogc.a(exi.o)
 .text.EXI_ProbeReset
                0x80029928       0x70 C:/devkitPro/libogc/lib/wii\libogc.a(exi.o)
                0x80029928                EXI_ProbeReset
 .text.__exi_init
                0x80029998      0x17c C:/devkitPro/libogc/lib/wii\libogc.a(exi.o)
                0x80029998                __exi_init
 .text.__lwp_mutex_locksupp.constprop.0
                0x80029b14      0x2a8 C:/devkitPro/libogc/lib/wii\libogc.a(mutex.o)
 .text.__lwp_mutex_init
                0x80029dbc       0x14 C:/devkitPro/libogc/lib/wii\libogc.a(mutex.o)
                0x80029dbc                __lwp_mutex_init
 .text.LWP_MutexInit
                0x80029dd0       0xf8 C:/devkitPro/libogc/lib/wii\libogc.a(mutex.o)
                0x80029dd0                LWP_MutexInit
 .text.LWP_MutexDestroy
                0x80029ec8      0x104 C:/devkitPro/libogc/lib/wii\libogc.a(mutex.o)
                0x80029ec8                LWP_MutexDestroy
 .text.LWP_MutexLock
                0x80029fcc        0x8 C:/devkitPro/libogc/lib/wii\libogc.a(mutex.o)
                0x80029fcc                LWP_MutexLock
 .text.LWP_MutexUnlock
                0x80029fd4       0x9c C:/devkitPro/libogc/lib/wii\libogc.a(mutex.o)
                0x80029fd4                LWP_MutexUnlock
 .text.__GX_InitRevBits
                0x8002a070       0x9c C:/devkitPro/libogc/lib/wii\libogc.a(gx.o)
 .text.GX_AbortFrame
                0x8002a10c      0x374 C:/devkitPro/libogc/lib/wii\libogc.a(gx.o)
                0x8002a10c                GX_AbortFrame
 .text._dietPrintDefaultFunc
                0x8002a480       0xc8 C:/devkitPro/libogc/lib/wii\libogc.a(kprintf.o)
 .text._dietPrintWidth
                0x8002a548       0xe4 C:/devkitPro/libogc/lib/wii\libogc.a(kprintf.o)
                0x8002a548                _dietPrintWidth
 .text._dietPrintHex32
                0x8002a62c      0x294 C:/devkitPro/libogc/lib/wii\libogc.a(kprintf.o)
 .text._dietPrintHex64
                0x8002a8c0       0xc8 C:/devkitPro/libogc/lib/wii\libogc.a(kprintf.o)
                0x8002a8c0                _dietPrintHex64
 .text.dietPrintV
                0x8002a988      0x894 C:/devkitPro/libogc/lib/wii\libogc.a(kprintf.o)
                0x8002a988                dietPrintV
 .text.kprintf  0x8002b21c       0x84 C:/devkitPro/libogc/lib/wii\libogc.a(kprintf.o)
                0x8002b21c                kprintf
 .text.net_wc24cleanup
                0x8002b2a0       0x64 C:/devkitPro/libogc/lib/wii\libogc.a(network_wii.o)
                0x8002b2a0                net_wc24cleanup
 .text.atanf    0x8002b304      0x278 C:/devkitPro/devkitPPC/bin/../lib/gcc/powerpc-eabi/15.1.0/../../../../powerpc-eabi/lib\libm.a(libm_a-sf_atan.o)
                0x8002b304                atanf
 .text.atan2    0x8002b57c        0x4 C:/devkitPro/devkitPPC/bin/../lib/gcc/powerpc-eabi/15.1.0/../../../../powerpc-eabi/lib\libm.a(libm_a-w_atan2.o)
                0x8002b57c                atan2
 .text.fabsf    0x8002b580       0x20 C:/devkitPro/devkitPPC/bin/../lib/gcc/powerpc-eabi/15.1.0/../../../../powerpc-eabi/lib\libm.a(libm_a-sf_fabs.o)
                0x8002b580                fabsf
 .text.cosf     0x8002b5a0       0xd4 C:/devkitPro/devkitPPC/bin/../lib/gcc/powerpc-eabi/15.1.0/../../../../powerpc-eabi/lib\libm.a(libm_a-sf_cos.o)
                0x8002b5a0                cosf
 .text.sqrtf    0x8002b674       0x70 C:/devkitPro/devkitPPC/bin/../lib/gcc/powerpc-eabi/15.1.0/../../../../powerpc-eabi/lib\libm.a(libm_a-wf_sqrt.o)
                0x8002b674                sqrtf
 .text.hypotf   0x8002b6e4       0x8c C:/devkitPro/devkitPPC/bin/../lib/gcc/powerpc-eabi/15.1.0/../../../../powerpc-eabi/lib\libm.a(libm_a-wf_hypot.o)
                0x8002b6e4                hypotf
 .text.atan2f   0x8002b770        0x4 C:/devkitPro/devkitPPC/bin/../lib/gcc/powerpc-eabi/15.1.0/../../../../powerpc-eabi/lib\libm.a(libm_a-wf_atan2.o)
                0x8002b770                atan2f
 .text.__ieee754_hypotf
                0x8002b774      0x210 C:/devkitPro/devkitPPC/bin/../lib/gcc/powerpc-eabi/15.1.0/../../../../powerpc-eabi/lib\libm.a(libm_a-ef_hypot.o)
                0x8002b774                __ieee754_hypotf
 .text.__kernel_cosf
                0x8002b984      0x180 C:/devkitPro/devkitPPC/bin/../lib/gcc/powerpc-eabi/15.1.0/../../../../powerpc-eabi/lib\libm.a(libm_a-kf_cos.o)
                0x8002b984                __kernel_cosf
 .text.sincos   0x8002bb04       0x58 C:/devkitPro/devkitPPC/bin/../lib/gcc/powerpc-eabi/15.1.0/../../../../powerpc-eabi/lib\libm.a(libm_a-w_sincos.o)
                0x8002bb04                sincos
 .text.__ieee754_atan2
                0x8002bb5c      0x280 C:/devkitPro/devkitPPC/bin/../lib/gcc/powerpc-eabi/15.1.0/../../../../powerpc-eabi/lib\libm.a(libm_a-e_atan2.o)
                0x8002bb5c                __ieee754_atan2
 .text.finitef  0x8002bddc       0x28 C:/devkitPro/devkitPPC/bin/../lib/gcc/powerpc-eabi/15.1.0/../../../../powerpc-eabi/lib\libm.a(libm_a-sf_finite.o)
                0x8002bddc                finitef
 .text.sincosf  0x8002be04       0x58 C:/devkitPro/devkitPPC/bin/../lib/gcc/powerpc-eabi/15.1.0/../../../../powerpc-eabi/lib\libm.a(libm_a-wf_sincos.o)
                0x8002be04                sincosf